21:12:10 **** Build of project simpleVectorArithmetic_bsp ****
make -k all 
"Running Make include in ps7_cortexa9_0/libsrc/canps_v3_2/src"
make -C ps7_cortexa9_0/libsrc/canps_v3_2/src -s include  "SHELL=CMD" "COMPILER=arm-none-eabi-gcc" "ARCHIVER=arm-none-eabi-ar" "COMPILER_FLAGS=  -O2 -c" "EXTRA_COMPILER_FLAGS=-mcpu=cortex-a9 -mfpu=vfpv3 -mfloat-abi=hard -nostartfiles -g -Wall -Wextra"
"Running Make include in ps7_cortexa9_0/libsrc/coresightps_dcc_v1_5/src"
make -C ps7_cortexa9_0/libsrc/coresightps_dcc_v1_5/src -s include  "SHELL=CMD" "COMPILER=arm-none-eabi-gcc" "ARCHIVER=arm-none-eabi-ar" "COMPILER_FLAGS=  -O2 -c" "EXTRA_COMPILER_FLAGS=-mcpu=cortex-a9 -mfpu=vfpv3 -mfloat-abi=hard -nostartfiles -g -Wall -Wextra"
"Running Make include in ps7_cortexa9_0/libsrc/cpu_cortexa9_v2_7/src"
make -C ps7_cortexa9_0/libsrc/cpu_cortexa9_v2_7/src -s include  "SHELL=CMD" "COMPILER=arm-none-eabi-gcc" "ARCHIVER=arm-none-eabi-ar" "COMPILER_FLAGS=  -O2 -c" "EXTRA_COMPILER_FLAGS=-mcpu=cortex-a9 -mfpu=vfpv3 -mfloat-abi=hard -nostartfiles -g -Wall -Wextra"
"Running Make include in ps7_cortexa9_0/libsrc/ddrps_v1_0/src"
make -C ps7_cortexa9_0/libsrc/ddrps_v1_0/src -s include  "SHELL=CMD" "COMPILER=arm-none-eabi-gcc" "ARCHIVER=arm-none-eabi-ar" "COMPILER_FLAGS=  -O2 -c" "EXTRA_COMPILER_FLAGS=-mcpu=cortex-a9 -mfpu=vfpv3 -mfloat-abi=hard -nostartfiles -g -Wall -Wextra"
"Running Make include in ps7_cortexa9_0/libsrc/devcfg_v3_5/src"
make -C ps7_cortexa9_0/libsrc/devcfg_v3_5/src -s include  "SHELL=CMD" "COMPILER=arm-none-eabi-gcc" "ARCHIVER=arm-none-eabi-ar" "COMPILER_FLAGS=  -O2 -c" "EXTRA_COMPILER_FLAGS=-mcpu=cortex-a9 -mfpu=vfpv3 -mfloat-abi=hard -nostartfiles -g -Wall -Wextra"
"Running Make include in ps7_cortexa9_0/libsrc/dmaps_v2_4/src"
make -C ps7_cortexa9_0/libsrc/dmaps_v2_4/src -s include  "SHELL=CMD" "COMPILER=arm-none-eabi-gcc" "ARCHIVER=arm-none-eabi-ar" "COMPILER_FLAGS=  -O2 -c" "EXTRA_COMPILER_FLAGS=-mcpu=cortex-a9 -mfpu=vfpv3 -mfloat-abi=hard -nostartfiles -g -Wall -Wextra"
"Running Make include in ps7_cortexa9_0/libsrc/emacps_v3_9/src"
make -C ps7_cortexa9_0/libsrc/emacps_v3_9/src -s include  "SHELL=CMD" "COMPILER=arm-none-eabi-gcc" "ARCHIVER=arm-none-eabi-ar" "COMPILER_FLAGS=  -O2 -c" "EXTRA_COMPILER_FLAGS=-mcpu=cortex-a9 -mfpu=vfpv3 -mfloat-abi=hard -nostartfiles -g -Wall -Wextra"
"Running Make include in ps7_cortexa9_0/libsrc/gpiops_v3_5/src"
make -C ps7_cortexa9_0/libsrc/gpiops_v3_5/src -s include  "SHELL=CMD" "COMPILER=arm-none-eabi-gcc" "ARCHIVER=arm-none-eabi-ar" "COMPILER_FLAGS=  -O2 -c" "EXTRA_COMPILER_FLAGS=-mcpu=cortex-a9 -mfpu=vfpv3 -mfloat-abi=hard -nostartfiles -g -Wall -Wextra"
"Running Make include in ps7_cortexa9_0/libsrc/iicps_v3_9/src"
make -C ps7_cortexa9_0/libsrc/iicps_v3_9/src -s include  "SHELL=CMD" "COMPILER=arm-none-eabi-gcc" "ARCHIVER=arm-none-eabi-ar" "COMPILER_FLAGS=  -O2 -c" "EXTRA_COMPILER_FLAGS=-mcpu=cortex-a9 -mfpu=vfpv3 -mfloat-abi=hard -nostartfiles -g -Wall -Wextra"
"Running Make include in ps7_cortexa9_0/libsrc/mm_vmx_v1_0/src"
make -C ps7_cortexa9_0/libsrc/mm_vmx_v1_0/src -s include  "SHELL=CMD" "COMPILER=arm-none-eabi-gcc" "ARCHIVER=arm-none-eabi-ar" "COMPILER_FLAGS=  -O2 -c" "EXTRA_COMPILER_FLAGS=-mcpu=cortex-a9 -mfpu=vfpv3 -mfloat-abi=hard -nostartfiles -g -Wall -Wextra"
"Running Make include in ps7_cortexa9_0/libsrc/qspips_v3_6/src"
make -C ps7_cortexa9_0/libsrc/qspips_v3_6/src -s include  "SHELL=CMD" "COMPILER=arm-none-eabi-gcc" "ARCHIVER=arm-none-eabi-ar" "COMPILER_FLAGS=  -O2 -c" "EXTRA_COMPILER_FLAGS=-mcpu=cortex-a9 -mfpu=vfpv3 -mfloat-abi=hard -nostartfiles -g -Wall -Wextra"
"Running Make include in ps7_cortexa9_0/libsrc/scugic_v4_0/src"
make -C ps7_cortexa9_0/libsrc/scugic_v4_0/src -s include  "SHELL=CMD" "COMPILER=arm-none-eabi-gcc" "ARCHIVER=arm-none-eabi-ar" "COMPILER_FLAGS=  -O2 -c" "EXTRA_COMPILER_FLAGS=-mcpu=cortex-a9 -mfpu=vfpv3 -mfloat-abi=hard -nostartfiles -g -Wall -Wextra"
"Running Make include in ps7_cortexa9_0/libsrc/scutimer_v2_1/src"
make -C ps7_cortexa9_0/libsrc/scutimer_v2_1/src -s include  "SHELL=CMD" "COMPILER=arm-none-eabi-gcc" "ARCHIVER=arm-none-eabi-ar" "COMPILER_FLAGS=  -O2 -c" "EXTRA_COMPILER_FLAGS=-mcpu=cortex-a9 -mfpu=vfpv3 -mfloat-abi=hard -nostartfiles -g -Wall -Wextra"
"Running Make include in ps7_cortexa9_0/libsrc/scuwdt_v2_1/src"
make -C ps7_cortexa9_0/libsrc/scuwdt_v2_1/src -s include  "SHELL=CMD" "COMPILER=arm-none-eabi-gcc" "ARCHIVER=arm-none-eabi-ar" "COMPILER_FLAGS=  -O2 -c" "EXTRA_COMPILER_FLAGS=-mcpu=cortex-a9 -mfpu=vfpv3 -mfloat-abi=hard -nostartfiles -g -Wall -Wextra"
"Running Make include in ps7_cortexa9_0/libsrc/sdps_v3_7/src"
make -C ps7_cortexa9_0/libsrc/sdps_v3_7/src -s include  "SHELL=CMD" "COMPILER=arm-none-eabi-gcc" "ARCHIVER=arm-none-eabi-ar" "COMPILER_FLAGS=  -O2 -c" "EXTRA_COMPILER_FLAGS=-mcpu=cortex-a9 -mfpu=vfpv3 -mfloat-abi=hard -nostartfiles -g -Wall -Wextra"
"Running Make include in ps7_cortexa9_0/libsrc/standalone_v7_0/src"
make -C ps7_cortexa9_0/libsrc/standalone_v7_0/src -s include  "SHELL=CMD" "COMPILER=arm-none-eabi-gcc" "ARCHIVER=arm-none-eabi-ar" "COMPILER_FLAGS=  -O2 -c" "EXTRA_COMPILER_FLAGS=-mcpu=cortex-a9 -mfpu=vfpv3 -mfloat-abi=hard -nostartfiles -g -Wall -Wextra"
"Running Make include in ps7_cortexa9_0/libsrc/ttcps_v3_9/src"
make -C ps7_cortexa9_0/libsrc/ttcps_v3_9/src -s include  "SHELL=CMD" "COMPILER=arm-none-eabi-gcc" "ARCHIVER=arm-none-eabi-ar" "COMPILER_FLAGS=  -O2 -c" "EXTRA_COMPILER_FLAGS=-mcpu=cortex-a9 -mfpu=vfpv3 -mfloat-abi=hard -nostartfiles -g -Wall -Wextra"
"Running Make include in ps7_cortexa9_0/libsrc/uartps_v3_7/src"
make -C ps7_cortexa9_0/libsrc/uartps_v3_7/src -s include  "SHELL=CMD" "COMPILER=arm-none-eabi-gcc" "ARCHIVER=arm-none-eabi-ar" "COMPILER_FLAGS=  -O2 -c" "EXTRA_COMPILER_FLAGS=-mcpu=cortex-a9 -mfpu=vfpv3 -mfloat-abi=hard -nostartfiles -g -Wall -Wextra"
"Running Make include in ps7_cortexa9_0/libsrc/usbps_v2_4/src"
make -C ps7_cortexa9_0/libsrc/usbps_v2_4/src -s include  "SHELL=CMD" "COMPILER=arm-none-eabi-gcc" "ARCHIVER=arm-none-eabi-ar" "COMPILER_FLAGS=  -O2 -c" "EXTRA_COMPILER_FLAGS=-mcpu=cortex-a9 -mfpu=vfpv3 -mfloat-abi=hard -nostartfiles -g -Wall -Wextra"
"Running Make include in ps7_cortexa9_0/libsrc/xadcps_v2_3/src"
make -C ps7_cortexa9_0/libsrc/xadcps_v2_3/src -s include  "SHELL=CMD" "COMPILER=arm-none-eabi-gcc" "ARCHIVER=arm-none-eabi-ar" "COMPILER_FLAGS=  -O2 -c" "EXTRA_COMPILER_FLAGS=-mcpu=cortex-a9 -mfpu=vfpv3 -mfloat-abi=hard -nostartfiles -g -Wall -Wextra"
"Running Make libs in ps7_cortexa9_0/libsrc/canps_v3_2/src"
make -C ps7_cortexa9_0/libsrc/canps_v3_2/src -s libs  "SHELL=CMD" "COMPILER=arm-none-eabi-gcc" "ARCHIVER=arm-none-eabi-ar" "COMPILER_FLAGS=  -O2 -c" "EXTRA_COMPILER_FLAGS=-mcpu=cortex-a9 -mfpu=vfpv3 -mfloat-abi=hard -nostartfiles -g -Wall -Wextra"
"Compiling canps"
arm-none-eabi-ar: creating ../../../lib/libxil.a
"Running Make libs in ps7_cortexa9_0/libsrc/coresightps_dcc_v1_5/src"
make -C ps7_cortexa9_0/libsrc/coresightps_dcc_v1_5/src -s libs  "SHELL=CMD" "COMPILER=arm-none-eabi-gcc" "ARCHIVER=arm-none-eabi-ar" "COMPILER_FLAGS=  -O2 -c" "EXTRA_COMPILER_FLAGS=-mcpu=cortex-a9 -mfpu=vfpv3 -mfloat-abi=hard -nostartfiles -g -Wall -Wextra"
"Compiling coresightps_dcc"
"Running Make libs in ps7_cortexa9_0/libsrc/cpu_cortexa9_v2_7/src"
make -C ps7_cortexa9_0/libsrc/cpu_cortexa9_v2_7/src -s libs  "SHELL=CMD" "COMPILER=arm-none-eabi-gcc" "ARCHIVER=arm-none-eabi-ar" "COMPILER_FLAGS=  -O2 -c" "EXTRA_COMPILER_FLAGS=-mcpu=cortex-a9 -mfpu=vfpv3 -mfloat-abi=hard -nostartfiles -g -Wall -Wextra"
"Compiling cpu_cortexa9"
"Running Make libs in ps7_cortexa9_0/libsrc/ddrps_v1_0/src"
make -C ps7_cortexa9_0/libsrc/ddrps_v1_0/src -s libs  "SHELL=CMD" "COMPILER=arm-none-eabi-gcc" "ARCHIVER=arm-none-eabi-ar" "COMPILER_FLAGS=  -O2 -c" "EXTRA_COMPILER_FLAGS=-mcpu=cortex-a9 -mfpu=vfpv3 -mfloat-abi=hard -nostartfiles -g -Wall -Wextra"
"Compiling ddrps"
"Running Make libs in ps7_cortexa9_0/libsrc/devcfg_v3_5/src"
make -C ps7_cortexa9_0/libsrc/devcfg_v3_5/src -s libs  "SHELL=CMD" "COMPILER=arm-none-eabi-gcc" "ARCHIVER=arm-none-eabi-ar" "COMPILER_FLAGS=  -O2 -c" "EXTRA_COMPILER_FLAGS=-mcpu=cortex-a9 -mfpu=vfpv3 -mfloat-abi=hard -nostartfiles -g -Wall -Wextra"
"Compiling devcfg"
"Running Make libs in ps7_cortexa9_0/libsrc/dmaps_v2_4/src"
make -C ps7_cortexa9_0/libsrc/dmaps_v2_4/src -s libs  "SHELL=CMD" "COMPILER=arm-none-eabi-gcc" "ARCHIVER=arm-none-eabi-ar" "COMPILER_FLAGS=  -O2 -c" "EXTRA_COMPILER_FLAGS=-mcpu=cortex-a9 -mfpu=vfpv3 -mfloat-abi=hard -nostartfiles -g -Wall -Wextra"
"Compiling dmaps"
"Running Make libs in ps7_cortexa9_0/libsrc/emacps_v3_9/src"
make -C ps7_cortexa9_0/libsrc/emacps_v3_9/src -s libs  "SHELL=CMD" "COMPILER=arm-none-eabi-gcc" "ARCHIVER=arm-none-eabi-ar" "COMPILER_FLAGS=  -O2 -c" "EXTRA_COMPILER_FLAGS=-mcpu=cortex-a9 -mfpu=vfpv3 -mfloat-abi=hard -nostartfiles -g -Wall -Wextra"
"Compiling emacps"
"Running Make libs in ps7_cortexa9_0/libsrc/gpiops_v3_5/src"
make -C ps7_cortexa9_0/libsrc/gpiops_v3_5/src -s libs  "SHELL=CMD" "COMPILER=arm-none-eabi-gcc" "ARCHIVER=arm-none-eabi-ar" "COMPILER_FLAGS=  -O2 -c" "EXTRA_COMPILER_FLAGS=-mcpu=cortex-a9 -mfpu=vfpv3 -mfloat-abi=hard -nostartfiles -g -Wall -Wextra"
"Compiling gpiops"
"Running Make libs in ps7_cortexa9_0/libsrc/iicps_v3_9/src"
make -C ps7_cortexa9_0/libsrc/iicps_v3_9/src -s libs  "SHELL=CMD" "COMPILER=arm-none-eabi-gcc" "ARCHIVER=arm-none-eabi-ar" "COMPILER_FLAGS=  -O2 -c" "EXTRA_COMPILER_FLAGS=-mcpu=cortex-a9 -mfpu=vfpv3 -mfloat-abi=hard -nostartfiles -g -Wall -Wextra"
"Compiling iicps"
"Running Make libs in ps7_cortexa9_0/libsrc/mm_vmx_v1_0/src"
make -C ps7_cortexa9_0/libsrc/mm_vmx_v1_0/src -s libs  "SHELL=CMD" "COMPILER=arm-none-eabi-gcc" "ARCHIVER=arm-none-eabi-ar" "COMPILER_FLAGS=  -O2 -c" "EXTRA_COMPILER_FLAGS=-mcpu=cortex-a9 -mfpu=vfpv3 -mfloat-abi=hard -nostartfiles -g -Wall -Wextra"
"Compiling mm_vmx..."
mm_vmx_selftest.c: In function 'MM_VMX_Reg_SelfTest':
mm_vmx_selftest.c:52:55: warning: comparison of integer expressions of different signedness: 'u32' {aka 'long unsigned int'} and 'int' [-Wsign-compare]
    if ( MM_VMX_mReadReg (baseaddr, read_loop_index*4) != (read_loop_index+1)*READ_WRITE_MUL_FACTOR){
                                                       ^~
mm_vmx_selftest.c:36:6: warning: unused variable 'Index' [-Wunused-variable]
  int Index;
      ^~~~~
"Running Make libs in ps7_cortexa9_0/libsrc/qspips_v3_6/src"
make -C ps7_cortexa9_0/libsrc/qspips_v3_6/src -s libs  "SHELL=CMD" "COMPILER=arm-none-eabi-gcc" "ARCHIVER=arm-none-eabi-ar" "COMPILER_FLAGS=  -O2 -c" "EXTRA_COMPILER_FLAGS=-mcpu=cortex-a9 -mfpu=vfpv3 -mfloat-abi=hard -nostartfiles -g -Wall -Wextra"
"Compiling qspips"
"Running Make libs in ps7_cortexa9_0/libsrc/scugic_v4_0/src"
make -C ps7_cortexa9_0/libsrc/scugic_v4_0/src -s libs  "SHELL=CMD" "COMPILER=arm-none-eabi-gcc" "ARCHIVER=arm-none-eabi-ar" "COMPILER_FLAGS=  -O2 -c" "EXTRA_COMPILER_FLAGS=-mcpu=cortex-a9 -mfpu=vfpv3 -mfloat-abi=hard -nostartfiles -g -Wall -Wextra"
"Compiling scugic"
"Running Make libs in ps7_cortexa9_0/libsrc/scutimer_v2_1/src"
make -C ps7_cortexa9_0/libsrc/scutimer_v2_1/src -s libs  "SHELL=CMD" "COMPILER=arm-none-eabi-gcc" "ARCHIVER=arm-none-eabi-ar" "COMPILER_FLAGS=  -O2 -c" "EXTRA_COMPILER_FLAGS=-mcpu=cortex-a9 -mfpu=vfpv3 -mfloat-abi=hard -nostartfiles -g -Wall -Wextra"
"Compiling scutimer"
"Running Make libs in ps7_cortexa9_0/libsrc/scuwdt_v2_1/src"
make -C ps7_cortexa9_0/libsrc/scuwdt_v2_1/src -s libs  "SHELL=CMD" "COMPILER=arm-none-eabi-gcc" "ARCHIVER=arm-none-eabi-ar" "COMPILER_FLAGS=  -O2 -c" "EXTRA_COMPILER_FLAGS=-mcpu=cortex-a9 -mfpu=vfpv3 -mfloat-abi=hard -nostartfiles -g -Wall -Wextra"
"Compiling scuwdt"
"Running Make libs in ps7_cortexa9_0/libsrc/sdps_v3_7/src"
make -C ps7_cortexa9_0/libsrc/sdps_v3_7/src -s libs  "SHELL=CMD" "COMPILER=arm-none-eabi-gcc" "ARCHIVER=arm-none-eabi-ar" "COMPILER_FLAGS=  -O2 -c" "EXTRA_COMPILER_FLAGS=-mcpu=cortex-a9 -mfpu=vfpv3 -mfloat-abi=hard -nostartfiles -g -Wall -Wextra"
"Compiling sdps"
"Running Make libs in ps7_cortexa9_0/libsrc/standalone_v7_0/src"
make -C ps7_cortexa9_0/libsrc/standalone_v7_0/src -s libs  "SHELL=CMD" "COMPILER=arm-none-eabi-gcc" "ARCHIVER=arm-none-eabi-ar" "COMPILER_FLAGS=  -O2 -c" "EXTRA_COMPILER_FLAGS=-mcpu=cortex-a9 -mfpu=vfpv3 -mfloat-abi=hard -nostartfiles -g -Wall -Wextra"
"Compiling standalone"
In file included from usleep.c:56:
xtime_l.h:87:9: note: #pragma message: For the sleep routines, Global timer is being used
 #pragma message ("For the sleep routines, Global timer is being used")
         ^~~~~~~
In file included from xil_sleeptimer.c:51:
xtime_l.h:87:9: note: #pragma message: For the sleep routines, Global timer is being used
 #pragma message ("For the sleep routines, Global timer is being used")
         ^~~~~~~
In file included from xtime_l.c:49:
xtime_l.h:87:9: note: #pragma message: For the sleep routines, Global timer is being used
 #pragma message ("For the sleep routines, Global timer is being used")
         ^~~~~~~
In file included from sleep.c:53:
xtime_l.h:87:9: note: #pragma message: For the sleep routines, Global timer is being used
 #pragma message ("For the sleep routines, Global timer is being used")
         ^~~~~~~
"Running Make libs in ps7_cortexa9_0/libsrc/ttcps_v3_9/src"
make -C ps7_cortexa9_0/libsrc/ttcps_v3_9/src -s libs  "SHELL=CMD" "COMPILER=arm-none-eabi-gcc" "ARCHIVER=arm-none-eabi-ar" "COMPILER_FLAGS=  -O2 -c" "EXTRA_COMPILER_FLAGS=-mcpu=cortex-a9 -mfpu=vfpv3 -mfloat-abi=hard -nostartfiles -g -Wall -Wextra"
"Compiling ttcps"
"Running Make libs in ps7_cortexa9_0/libsrc/uartps_v3_7/src"
make -C ps7_cortexa9_0/libsrc/uartps_v3_7/src -s libs  "SHELL=CMD" "COMPILER=arm-none-eabi-gcc" "ARCHIVER=arm-none-eabi-ar" "COMPILER_FLAGS=  -O2 -c" "EXTRA_COMPILER_FLAGS=-mcpu=cortex-a9 -mfpu=vfpv3 -mfloat-abi=hard -nostartfiles -g -Wall -Wextra"
"Compiling uartps"
"Running Make libs in ps7_cortexa9_0/libsrc/usbps_v2_4/src"
make -C ps7_cortexa9_0/libsrc/usbps_v2_4/src -s libs  "SHELL=CMD" "COMPILER=arm-none-eabi-gcc" "ARCHIVER=arm-none-eabi-ar" "COMPILER_FLAGS=  -O2 -c" "EXTRA_COMPILER_FLAGS=-mcpu=cortex-a9 -mfpu=vfpv3 -mfloat-abi=hard -nostartfiles -g -Wall -Wextra"
"Compiling usbps"
"Running Make libs in ps7_cortexa9_0/libsrc/xadcps_v2_3/src"
make -C ps7_cortexa9_0/libsrc/xadcps_v2_3/src -s libs  "SHELL=CMD" "COMPILER=arm-none-eabi-gcc" "ARCHIVER=arm-none-eabi-ar" "COMPILER_FLAGS=  -O2 -c" "EXTRA_COMPILER_FLAGS=-mcpu=cortex-a9 -mfpu=vfpv3 -mfloat-abi=hard -nostartfiles -g -Wall -Wextra"
"Compiling xadcps"
'Finished building libraries'
21:12:56 **** Build of configuration Debug for project simpleVectorArithmetic ****
make pre-build main-build 
a9-linaro-pre-build-step
' '
'Building file: ../src/helloworld.c'
'Invoking: ARM v7 gcc compiler'
arm-none-eabi-gcc -Wall -O0 -g3 -c -fmessage-length=0 -MT"src/helloworld.o" -mcpu=cortex-a9 -mfpu=vfpv3 -mfloat-abi=hard -I../../simpleVectorArithmetic_bsp/ps7_cortexa9_0/include -MMD -MP -MF"src/helloworld.d" -MT"src/helloworld.o" -o "src/helloworld.o" "../src/helloworld.c"
'Finished building: ../src/helloworld.c'
' '
'Building file: ../src/platform.c'
'Invoking: ARM v7 gcc compiler'
arm-none-eabi-gcc -Wall -O0 -g3 -c -fmessage-length=0 -MT"src/platform.o" -mcpu=cortex-a9 -mfpu=vfpv3 -mfloat-abi=hard -I../../simpleVectorArithmetic_bsp/ps7_cortexa9_0/include -MMD -MP -MF"src/platform.d" -MT"src/platform.o" -o "src/platform.o" "../src/platform.c"
'Finished building: ../src/platform.c'
' '
'Building target: simpleVectorArithmetic.elf'
'Invoking: ARM v7 gcc linker'
arm-none-eabi-gcc -mcpu=cortex-a9 -mfpu=vfpv3 -mfloat-abi=hard -Wl,-build-id=none -specs=Xilinx.spec -Wl,-T -Wl,../src/lscript.ld -L../../simpleVectorArithmetic_bsp/ps7_cortexa9_0/lib -o "simpleVectorArithmetic.elf"  ./src/helloworld.o ./src/platform.o   -Wl,--start-group,-lxil,-lgcc,-lc,--end-group
'Finished building target: simpleVectorArithmetic.elf'
' '
'Invoking: ARM v7 Print Size'
arm-none-eabi-size simpleVectorArithmetic.elf  |tee "simpleVectorArithmetic.elf.size"
   text	   data	    bss	    dec	    hex	filename
  18844	   1144	  22568	  42556	   a63c	simpleVectorArithmetic.elf
'Finished building: simpleVectorArithmetic.elf.size'
' '
21:13:02 **** Auto Build of configuration Debug for project simpleVectorArithmetic ****
make pre-build main-build 
a9-linaro-pre-build-step
' '
make: Nothing to be done for 'main-build'.
21:15:45 **** Auto Build of configuration Debug for project simpleVectorArithmetic ****
make pre-build main-build 
a9-linaro-pre-build-step
' '
'Building file: ../src/helloworld.c'
'Invoking: ARM v7 gcc compiler'
arm-none-eabi-gcc -Wall -O0 -g3 -c -fmessage-length=0 -MT"src/helloworld.o" -mcpu=cortex-a9 -mfpu=vfpv3 -mfloat-abi=hard -I../../simpleVectorArithmetic_bsp/ps7_cortexa9_0/include -MMD -MP -MF"src/helloworld.d" -MT"src/helloworld.o" -o "src/helloworld.o" "../src/helloworld.c"
../src/helloworld.c: In function 'main':
../src/helloworld.c:70:20: warning: initialization of 'int *' from 'int' makes pointer from integer without a cast [-Wint-conversion]
     int *baseptr = 0x43C00000;
                    ^~~~~~~~~~
../src/helloworld.c:70:10: warning: unused variable 'baseptr' [-Wunused-variable]
     int *baseptr = 0x43C00000;
          ^~~~~~~
../src/helloworld.c:66:9: warning: unused variable 'myY' [-Wunused-variable]
     int myY[4][4] = {
         ^~~
../src/helloworld.c:62:9: warning: unused variable 'myX' [-Wunused-variable]
     int myX[4][4] = {
         ^~~
../src/helloworld.c:58:9: warning: unused variable 'myW' [-Wunused-variable]
     int myW[4][4] = {
         ^~~
'Finished building: ../src/helloworld.c'
' '
'Building target: simpleVectorArithmetic.elf'
'Invoking: ARM v7 gcc linker'
arm-none-eabi-gcc -mcpu=cortex-a9 -mfpu=vfpv3 -mfloat-abi=hard -Wl,-build-id=none -specs=Xilinx.spec -Wl,-T -Wl,../src/lscript.ld -L../../simpleVectorArithmetic_bsp/ps7_cortexa9_0/lib -o "simpleVectorArithmetic.elf"  ./src/helloworld.o ./src/platform.o   -Wl,--start-group,-lxil,-lgcc,-lc,--end-group
'Finished building target: simpleVectorArithmetic.elf'
' '
'Invoking: ARM v7 Print Size'
arm-none-eabi-size simpleVectorArithmetic.elf  |tee "simpleVectorArithmetic.elf.size"
   text	   data	    bss	    dec	    hex	filename
  19084	   1144	  22568	  42796	   a72c	simpleVectorArithmetic.elf
'Finished building: simpleVectorArithmetic.elf.size'
' '
21:16:00 **** Auto Build of configuration Debug for project simpleVectorArithmetic ****
make pre-build main-build 
a9-linaro-pre-build-step
' '
'Building file: ../src/helloworld.c'
'Invoking: ARM v7 gcc compiler'
arm-none-eabi-gcc -Wall -O0 -g3 -c -fmessage-length=0 -MT"src/helloworld.o" -mcpu=cortex-a9 -mfpu=vfpv3 -mfloat-abi=hard -I../../simpleVectorArithmetic_bsp/ps7_cortexa9_0/include -MMD -MP -MF"src/helloworld.d" -MT"src/helloworld.o" -o "src/helloworld.o" "../src/helloworld.c"
../src/helloworld.c: In function 'main':
../src/helloworld.c:70:20: warning: initialization of 'int *' from 'int' makes pointer from integer without a cast [-Wint-conversion]
     int *baseptr = 0x43C00000;
                    ^~~~~~~~~~
../src/helloworld.c:74:5: error: expected '(' before 'cleanup_platform'
     cleanup_platform();
     ^~~~~~~~~~~~~~~~
     (
../src/helloworld.c:70:10: warning: unused variable 'baseptr' [-Wunused-variable]
     int *baseptr = 0x43C00000;
          ^~~~~~~
../src/helloworld.c:66:9: warning: unused variable 'myY' [-Wunused-variable]
     int myY[4][4] = {
         ^~~
../src/helloworld.c:62:9: warning: unused variable 'myX' [-Wunused-variable]
     int myX[4][4] = {
         ^~~
../src/helloworld.c:58:9: warning: unused variable 'myW' [-Wunused-variable]
     int myW[4][4] = {
         ^~~
make: *** [src/subdir.mk:26: src/helloworld.o] Error 1
21:16:24 **** Auto Build of configuration Debug for project simpleVectorArithmetic ****
make pre-build main-build 
a9-linaro-pre-build-step
' '
'Building file: ../src/helloworld.c'
'Invoking: ARM v7 gcc compiler'
arm-none-eabi-gcc -Wall -O0 -g3 -c -fmessage-length=0 -MT"src/helloworld.o" -mcpu=cortex-a9 -mfpu=vfpv3 -mfloat-abi=hard -I../../simpleVectorArithmetic_bsp/ps7_cortexa9_0/include -MMD -MP -MF"src/helloworld.d" -MT"src/helloworld.o" -o "src/helloworld.o" "../src/helloworld.c"
../src/helloworld.c: In function 'main':
../src/helloworld.c:70:20: warning: initialization of 'int *' from 'int' makes pointer from integer without a cast [-Wint-conversion]
     int *baseptr = 0x43C00000;
                    ^~~~~~~~~~
../src/helloworld.c:70:10: warning: unused variable 'baseptr' [-Wunused-variable]
     int *baseptr = 0x43C00000;
          ^~~~~~~
../src/helloworld.c:66:9: warning: unused variable 'myY' [-Wunused-variable]
     int myY[4][4] = {
         ^~~
../src/helloworld.c:62:9: warning: unused variable 'myX' [-Wunused-variable]
     int myX[4][4] = {
         ^~~
../src/helloworld.c:58:9: warning: unused variable 'myW' [-Wunused-variable]
     int myW[4][4] = {
         ^~~
'Finished building: ../src/helloworld.c'
' '
'Building target: simpleVectorArithmetic.elf'
'Invoking: ARM v7 gcc linker'
arm-none-eabi-gcc -mcpu=cortex-a9 -mfpu=vfpv3 -mfloat-abi=hard -Wl,-build-id=none -specs=Xilinx.spec -Wl,-T -Wl,../src/lscript.ld -L../../simpleVectorArithmetic_bsp/ps7_cortexa9_0/lib -o "simpleVectorArithmetic.elf"  ./src/helloworld.o ./src/platform.o   -Wl,--start-group,-lxil,-lgcc,-lc,--end-group
'Finished building target: simpleVectorArithmetic.elf'
' '
'Invoking: ARM v7 Print Size'
arm-none-eabi-size simpleVectorArithmetic.elf  |tee "simpleVectorArithmetic.elf.size"
   text	   data	    bss	    dec	    hex	filename
  19156	   1144	  22568	  42868	   a774	simpleVectorArithmetic.elf
'Finished building: simpleVectorArithmetic.elf.size'
' '
21:17:09 **** Auto Build of configuration Debug for project simpleVectorArithmetic ****
make pre-build main-build 
a9-linaro-pre-build-step
' '
'Building file: ../src/helloworld.c'
'Invoking: ARM v7 gcc compiler'
arm-none-eabi-gcc -Wall -O0 -g3 -c -fmessage-length=0 -MT"src/helloworld.o" -mcpu=cortex-a9 -mfpu=vfpv3 -mfloat-abi=hard -I../../simpleVectorArithmetic_bsp/ps7_cortexa9_0/include -MMD -MP -MF"src/helloworld.d" -MT"src/helloworld.o" -o "src/helloworld.o" "../src/helloworld.c"
../src/helloworld.c: In function 'main':
../src/helloworld.c:70:20: warning: initialization of 'int *' from 'int' makes pointer from integer without a cast [-Wint-conversion]
     int *baseptr = 0x43C00000;
                    ^~~~~~~~~~
../src/helloworld.c:74:16: warning: assignment to 'int' from 'int (*)[4]' makes integer from pointer without a cast [-Wint-conversion]
       *baseptr = myW;
                ^
../src/helloworld.c:66:9: warning: unused variable 'myY' [-Wunused-variable]
     int myY[4][4] = {
         ^~~
../src/helloworld.c:62:9: warning: unused variable 'myX' [-Wunused-variable]
     int myX[4][4] = {
         ^~~
'Finished building: ../src/helloworld.c'
' '
'Building target: simpleVectorArithmetic.elf'
'Invoking: ARM v7 gcc linker'
arm-none-eabi-gcc -mcpu=cortex-a9 -mfpu=vfpv3 -mfloat-abi=hard -Wl,-build-id=none -specs=Xilinx.spec -Wl,-T -Wl,../src/lscript.ld -L../../simpleVectorArithmetic_bsp/ps7_cortexa9_0/lib -o "simpleVectorArithmetic.elf"  ./src/helloworld.o ./src/platform.o   -Wl,--start-group,-lxil,-lgcc,-lc,--end-group
'Finished building target: simpleVectorArithmetic.elf'
' '
'Invoking: ARM v7 Print Size'
arm-none-eabi-size simpleVectorArithmetic.elf  |tee "simpleVectorArithmetic.elf.size"
   text	   data	    bss	    dec	    hex	filename
  19168	   1144	  22568	  42880	   a780	simpleVectorArithmetic.elf
'Finished building: simpleVectorArithmetic.elf.size'
' '
21:18:07 **** Auto Build of configuration Debug for project simpleVectorArithmetic ****
make pre-build main-build 
a9-linaro-pre-build-step
' '
'Building file: ../src/helloworld.c'
'Invoking: ARM v7 gcc compiler'
arm-none-eabi-gcc -Wall -O0 -g3 -c -fmessage-length=0 -MT"src/helloworld.o" -mcpu=cortex-a9 -mfpu=vfpv3 -mfloat-abi=hard -I../../simpleVectorArithmetic_bsp/ps7_cortexa9_0/include -MMD -MP -MF"src/helloworld.d" -MT"src/helloworld.o" -o "src/helloworld.o" "../src/helloworld.c"
../src/helloworld.c: In function 'main':
../src/helloworld.c:73:20: warning: initialization of 'int *' from 'int' makes pointer from integer without a cast [-Wint-conversion]
     int *baseptr = 0x43C00000;
                    ^~~~~~~~~~
../src/helloworld.c:77:26: error: 'j' undeclared (first use in this function)
       *baseptr = (myW[i][j] << 16) + myW[i+1][j];
                          ^
../src/helloworld.c:77:26: note: each undeclared identifier is reported only once for each function it appears in
../src/helloworld.c:69:9: warning: unused variable 'myY' [-Wunused-variable]
     int myY[4][4] = {
         ^~~
../src/helloworld.c:65:9: warning: unused variable 'myX' [-Wunused-variable]
     int myX[4][4] = {
         ^~~
../src/helloworld.c:58:9: warning: variable 'myW' set but not used [-Wunused-but-set-variable]
     int myW[4][4] = {
         ^~~
make: *** [src/subdir.mk:26: src/helloworld.o] Error 1
21:18:30 **** Auto Build of configuration Debug for project simpleVectorArithmetic ****
make pre-build main-build 
a9-linaro-pre-build-step
' '
'Building file: ../src/helloworld.c'
'Invoking: ARM v7 gcc compiler'
arm-none-eabi-gcc -Wall -O0 -g3 -c -fmessage-length=0 -MT"src/helloworld.o" -mcpu=cortex-a9 -mfpu=vfpv3 -mfloat-abi=hard -I../../simpleVectorArithmetic_bsp/ps7_cortexa9_0/include -MMD -MP -MF"src/helloworld.d" -MT"src/helloworld.o" -o "src/helloworld.o" "../src/helloworld.c"
../src/helloworld.c: In function 'main':
../src/helloworld.c:70:20: warning: initialization of 'int *' from 'int' makes pointer from integer without a cast [-Wint-conversion]
     int *baseptr = 0x43C00000;
                    ^~~~~~~~~~
../src/helloworld.c:74:26: error: 'j' undeclared (first use in this function)
       *baseptr = (myW[i][j] << 16) + myW[i+1][j];
                          ^
../src/helloworld.c:74:26: note: each undeclared identifier is reported only once for each function it appears in
../src/helloworld.c:66:9: warning: unused variable 'myY' [-Wunused-variable]
     int myY[4][4] = {
         ^~~
../src/helloworld.c:62:9: warning: unused variable 'myX' [-Wunused-variable]
     int myX[4][4] = {
         ^~~
../src/helloworld.c:58:9: warning: variable 'myW' set but not used [-Wunused-but-set-variable]
     int myW[4][4] = {
         ^~~
make: *** [src/subdir.mk:26: src/helloworld.o] Error 1
21:18:44 **** Auto Build of configuration Debug for project simpleVectorArithmetic ****
make pre-build main-build 
a9-linaro-pre-build-step
' '
'Building file: ../src/helloworld.c'
'Invoking: ARM v7 gcc compiler'
arm-none-eabi-gcc -Wall -O0 -g3 -c -fmessage-length=0 -MT"src/helloworld.o" -mcpu=cortex-a9 -mfpu=vfpv3 -mfloat-abi=hard -I../../simpleVectorArithmetic_bsp/ps7_cortexa9_0/include -MMD -MP -MF"src/helloworld.d" -MT"src/helloworld.o" -o "src/helloworld.o" "../src/helloworld.c"
../src/helloworld.c: In function 'main':
../src/helloworld.c:70:20: warning: initialization of 'int *' from 'int' makes pointer from integer without a cast [-Wint-conversion]
     int *baseptr = 0x43C00000;
                    ^~~~~~~~~~
../src/helloworld.c:74:26: error: 'j' undeclared (first use in this function)
       *baseptr = (myW[i][j] << 16) + myW[i][j+1];
                          ^
../src/helloworld.c:74:26: note: each undeclared identifier is reported only once for each function it appears in
../src/helloworld.c:66:9: warning: unused variable 'myY' [-Wunused-variable]
     int myY[4][4] = {
         ^~~
../src/helloworld.c:62:9: warning: unused variable 'myX' [-Wunused-variable]
     int myX[4][4] = {
         ^~~
../src/helloworld.c:58:9: warning: variable 'myW' set but not used [-Wunused-but-set-variable]
     int myW[4][4] = {
         ^~~
make: *** [src/subdir.mk:26: src/helloworld.o] Error 1
21:18:52 **** Auto Build of configuration Debug for project simpleVectorArithmetic ****
make pre-build main-build 
a9-linaro-pre-build-step
' '
'Building file: ../src/helloworld.c'
'Invoking: ARM v7 gcc compiler'
arm-none-eabi-gcc -Wall -O0 -g3 -c -fmessage-length=0 -MT"src/helloworld.o" -mcpu=cortex-a9 -mfpu=vfpv3 -mfloat-abi=hard -I../../simpleVectorArithmetic_bsp/ps7_cortexa9_0/include -MMD -MP -MF"src/helloworld.d" -MT"src/helloworld.o" -o "src/helloworld.o" "../src/helloworld.c"
../src/helloworld.c: In function 'main':
../src/helloworld.c:70:20: warning: initialization of 'int *' from 'int' makes pointer from integer without a cast [-Wint-conversion]
     int *baseptr = 0x43C00000;
                    ^~~~~~~~~~
../src/helloworld.c:74:28: error: 'j' undeclared (first use in this function)
       *baseptr+i = (myW[i][j] << 16) + myW[i][j+1];
                            ^
../src/helloworld.c:74:28: note: each undeclared identifier is reported only once for each function it appears in
../src/helloworld.c:66:9: warning: unused variable 'myY' [-Wunused-variable]
     int myY[4][4] = {
         ^~~
../src/helloworld.c:62:9: warning: unused variable 'myX' [-Wunused-variable]
     int myX[4][4] = {
         ^~~
../src/helloworld.c:58:9: warning: variable 'myW' set but not used [-Wunused-but-set-variable]
     int myW[4][4] = {
         ^~~
make: *** [src/subdir.mk:26: src/helloworld.o] Error 1
21:19:00 **** Auto Build of configuration Debug for project simpleVectorArithmetic ****
make pre-build main-build 
a9-linaro-pre-build-step
' '
'Building file: ../src/helloworld.c'
'Invoking: ARM v7 gcc compiler'
arm-none-eabi-gcc -Wall -O0 -g3 -c -fmessage-length=0 -MT"src/helloworld.o" -mcpu=cortex-a9 -mfpu=vfpv3 -mfloat-abi=hard -I../../simpleVectorArithmetic_bsp/ps7_cortexa9_0/include -MMD -MP -MF"src/helloworld.d" -MT"src/helloworld.o" -o "src/helloworld.o" "../src/helloworld.c"
../src/helloworld.c: In function 'main':
../src/helloworld.c:70:20: warning: initialization of 'int *' from 'int' makes pointer from integer without a cast [-Wint-conversion]
     int *baseptr = 0x43C00000;
                    ^~~~~~~~~~
../src/helloworld.c:74:28: error: 'j' undeclared (first use in this function)
       *baseptr+i = (myW[i][j] << 16) + myW[i][j+1];
                            ^
../src/helloworld.c:74:28: note: each undeclared identifier is reported only once for each function it appears in
../src/helloworld.c:66:9: warning: unused variable 'myY' [-Wunused-variable]
     int myY[4][4] = {
         ^~~
../src/helloworld.c:62:9: warning: unused variable 'myX' [-Wunused-variable]
     int myX[4][4] = {
         ^~~
../src/helloworld.c:58:9: warning: variable 'myW' set but not used [-Wunused-but-set-variable]
     int myW[4][4] = {
         ^~~
make: *** [src/subdir.mk:26: src/helloworld.o] Error 1
21:19:09 **** Auto Build of configuration Debug for project simpleVectorArithmetic ****
make pre-build main-build 
a9-linaro-pre-build-step
' '
'Building file: ../src/helloworld.c'
'Invoking: ARM v7 gcc compiler'
arm-none-eabi-gcc -Wall -O0 -g3 -c -fmessage-length=0 -MT"src/helloworld.o" -mcpu=cortex-a9 -mfpu=vfpv3 -mfloat-abi=hard -I../../simpleVectorArithmetic_bsp/ps7_cortexa9_0/include -MMD -MP -MF"src/helloworld.d" -MT"src/helloworld.o" -o "src/helloworld.o" "../src/helloworld.c"
../src/helloworld.c: In function 'main':
../src/helloworld.c:70:20: warning: initialization of 'int *' from 'int' makes pointer from integer without a cast [-Wint-conversion]
     int *baseptr = 0x43C00000;
                    ^~~~~~~~~~
../src/helloworld.c:74:18: error: lvalue required as left operand of assignment
       *baseptr+i = (myW[i][j] << 16) + myW[i][j+1];
                  ^
../src/helloworld.c:66:9: warning: unused variable 'myY' [-Wunused-variable]
     int myY[4][4] = {
         ^~~
../src/helloworld.c:62:9: warning: unused variable 'myX' [-Wunused-variable]
     int myX[4][4] = {
         ^~~
make: *** [src/subdir.mk:26: src/helloworld.o] Error 1
21:19:21 **** Auto Build of configuration Debug for project simpleVectorArithmetic ****
make pre-build main-build 
a9-linaro-pre-build-step
' '
'Building file: ../src/helloworld.c'
'Invoking: ARM v7 gcc compiler'
arm-none-eabi-gcc -Wall -O0 -g3 -c -fmessage-length=0 -MT"src/helloworld.o" -mcpu=cortex-a9 -mfpu=vfpv3 -mfloat-abi=hard -I../../simpleVectorArithmetic_bsp/ps7_cortexa9_0/include -MMD -MP -MF"src/helloworld.d" -MT"src/helloworld.o" -o "src/helloworld.o" "../src/helloworld.c"
../src/helloworld.c: In function 'main':
../src/helloworld.c:70:20: warning: initialization of 'int *' from 'int' makes pointer from integer without a cast [-Wint-conversion]
     int *baseptr = 0x43C00000;
                    ^~~~~~~~~~
../src/helloworld.c:66:9: warning: unused variable 'myY' [-Wunused-variable]
     int myY[4][4] = {
         ^~~
../src/helloworld.c:62:9: warning: unused variable 'myX' [-Wunused-variable]
     int myX[4][4] = {
         ^~~
'Finished building: ../src/helloworld.c'
' '
'Building target: simpleVectorArithmetic.elf'
'Invoking: ARM v7 gcc linker'
arm-none-eabi-gcc -mcpu=cortex-a9 -mfpu=vfpv3 -mfloat-abi=hard -Wl,-build-id=none -specs=Xilinx.spec -Wl,-T -Wl,../src/lscript.ld -L../../simpleVectorArithmetic_bsp/ps7_cortexa9_0/lib -o "simpleVectorArithmetic.elf"  ./src/helloworld.o ./src/platform.o   -Wl,--start-group,-lxil,-lgcc,-lc,--end-group
'Finished building target: simpleVectorArithmetic.elf'
' '
'Invoking: ARM v7 Print Size'
arm-none-eabi-size simpleVectorArithmetic.elf  |tee "simpleVectorArithmetic.elf.size"
   text	   data	    bss	    dec	    hex	filename
  19240	   1144	  22568	  42952	   a7c8	simpleVectorArithmetic.elf
'Finished building: simpleVectorArithmetic.elf.size'
' '
21:20:07 **** Auto Build of configuration Debug for project simpleVectorArithmetic ****
make pre-build main-build 
a9-linaro-pre-build-step
' '
'Building file: ../src/helloworld.c'
'Invoking: ARM v7 gcc compiler'
arm-none-eabi-gcc -Wall -O0 -g3 -c -fmessage-length=0 -MT"src/helloworld.o" -mcpu=cortex-a9 -mfpu=vfpv3 -mfloat-abi=hard -I../../simpleVectorArithmetic_bsp/ps7_cortexa9_0/include -MMD -MP -MF"src/helloworld.d" -MT"src/helloworld.o" -o "src/helloworld.o" "../src/helloworld.c"
../src/helloworld.c: In function 'main':
../src/helloworld.c:70:20: warning: initialization of 'int *' from 'int' makes pointer from integer without a cast [-Wint-conversion]
     int *baseptr = 0x43C00000;
                    ^~~~~~~~~~
../src/helloworld.c:66:9: warning: unused variable 'myY' [-Wunused-variable]
     int myY[4][4] = {
         ^~~
../src/helloworld.c:62:9: warning: unused variable 'myX' [-Wunused-variable]
     int myX[4][4] = {
         ^~~
'Finished building: ../src/helloworld.c'
' '
'Building target: simpleVectorArithmetic.elf'
'Invoking: ARM v7 gcc linker'
arm-none-eabi-gcc -mcpu=cortex-a9 -mfpu=vfpv3 -mfloat-abi=hard -Wl,-build-id=none -specs=Xilinx.spec -Wl,-T -Wl,../src/lscript.ld -L../../simpleVectorArithmetic_bsp/ps7_cortexa9_0/lib -o "simpleVectorArithmetic.elf"  ./src/helloworld.o ./src/platform.o   -Wl,--start-group,-lxil,-lgcc,-lc,--end-group
'Finished building target: simpleVectorArithmetic.elf'
' '
'Invoking: ARM v7 Print Size'
arm-none-eabi-size simpleVectorArithmetic.elf  |tee "simpleVectorArithmetic.elf.size"
   text	   data	    bss	    dec	    hex	filename
  19328	   1144	  22568	  43040	   a820	simpleVectorArithmetic.elf
'Finished building: simpleVectorArithmetic.elf.size'
' '
21:20:36 **** Auto Build of configuration Debug for project simpleVectorArithmetic ****
make pre-build main-build 
a9-linaro-pre-build-step
' '
'Building file: ../src/helloworld.c'
'Invoking: ARM v7 gcc compiler'
arm-none-eabi-gcc -Wall -O0 -g3 -c -fmessage-length=0 -MT"src/helloworld.o" -mcpu=cortex-a9 -mfpu=vfpv3 -mfloat-abi=hard -I../../simpleVectorArithmetic_bsp/ps7_cortexa9_0/include -MMD -MP -MF"src/helloworld.d" -MT"src/helloworld.o" -o "src/helloworld.o" "../src/helloworld.c"
../src/helloworld.c: In function 'main':
../src/helloworld.c:70:20: warning: initialization of 'int *' from 'int' makes pointer from integer without a cast [-Wint-conversion]
     int *baseptr = 0x43C00000;
                    ^~~~~~~~~~
../src/helloworld.c:74:16: error: invalid operands to binary * (have 'int *' and 'int')
       *(baseptr*i) = (myW[i][j] << 16) + myW[i][j+1];
                ^
../src/helloworld.c:75:16: error: invalid operands to binary * (have 'int *' and 'int')
       *(baseptr*i+4) = (myW[i][j] << 16) + myW[i][j+1];
                ^
../src/helloworld.c:66:9: warning: unused variable 'myY' [-Wunused-variable]
     int myY[4][4] = {
         ^~~
../src/helloworld.c:62:9: warning: unused variable 'myX' [-Wunused-variable]
     int myX[4][4] = {
         ^~~
make: *** [src/subdir.mk:26: src/helloworld.o] Error 1
21:21:00 **** Auto Build of configuration Debug for project simpleVectorArithmetic ****
make pre-build main-build 
a9-linaro-pre-build-step
' '
'Building file: ../src/helloworld.c'
'Invoking: ARM v7 gcc compiler'
arm-none-eabi-gcc -Wall -O0 -g3 -c -fmessage-length=0 -MT"src/helloworld.o" -mcpu=cortex-a9 -mfpu=vfpv3 -mfloat-abi=hard -I../../simpleVectorArithmetic_bsp/ps7_cortexa9_0/include -MMD -MP -MF"src/helloworld.d" -MT"src/helloworld.o" -o "src/helloworld.o" "../src/helloworld.c"
../src/helloworld.c: In function 'main':
../src/helloworld.c:70:20: warning: initialization of 'int *' from 'int' makes pointer from integer without a cast [-Wint-conversion]
     int *baseptr = 0x43C00000;
                    ^~~~~~~~~~
../src/helloworld.c:66:9: warning: unused variable 'myY' [-Wunused-variable]
     int myY[4][4] = {
         ^~~
../src/helloworld.c:62:9: warning: unused variable 'myX' [-Wunused-variable]
     int myX[4][4] = {
         ^~~
'Finished building: ../src/helloworld.c'
' '
'Building target: simpleVectorArithmetic.elf'
'Invoking: ARM v7 gcc linker'
arm-none-eabi-gcc -mcpu=cortex-a9 -mfpu=vfpv3 -mfloat-abi=hard -Wl,-build-id=none -specs=Xilinx.spec -Wl,-T -Wl,../src/lscript.ld -L../../simpleVectorArithmetic_bsp/ps7_cortexa9_0/lib -o "simpleVectorArithmetic.elf"  ./src/helloworld.o ./src/platform.o   -Wl,--start-group,-lxil,-lgcc,-lc,--end-group
'Finished building target: simpleVectorArithmetic.elf'
' '
'Invoking: ARM v7 Print Size'
arm-none-eabi-size simpleVectorArithmetic.elf  |tee "simpleVectorArithmetic.elf.size"
   text	   data	    bss	    dec	    hex	filename
  19352	   1144	  22568	  43064	   a838	simpleVectorArithmetic.elf
'Finished building: simpleVectorArithmetic.elf.size'
' '
21:21:52 **** Auto Build of configuration Debug for project simpleVectorArithmetic ****
make pre-build main-build 
a9-linaro-pre-build-step
' '
'Building file: ../src/helloworld.c'
'Invoking: ARM v7 gcc compiler'
arm-none-eabi-gcc -Wall -O0 -g3 -c -fmessage-length=0 -MT"src/helloworld.o" -mcpu=cortex-a9 -mfpu=vfpv3 -mfloat-abi=hard -I../../simpleVectorArithmetic_bsp/ps7_cortexa9_0/include -MMD -MP -MF"src/helloworld.d" -MT"src/helloworld.o" -o "src/helloworld.o" "../src/helloworld.c"
../src/helloworld.c: In function 'main':
../src/helloworld.c:70:20: warning: initialization of 'int *' from 'int' makes pointer from integer without a cast [-Wint-conversion]
     int *baseptr = 0x43C00000;
                    ^~~~~~~~~~
../src/helloworld.c:66:9: warning: unused variable 'myY' [-Wunused-variable]
     int myY[4][4] = {
         ^~~
../src/helloworld.c:62:9: warning: unused variable 'myX' [-Wunused-variable]
     int myX[4][4] = {
         ^~~
'Finished building: ../src/helloworld.c'
' '
'Building target: simpleVectorArithmetic.elf'
'Invoking: ARM v7 gcc linker'
arm-none-eabi-gcc -mcpu=cortex-a9 -mfpu=vfpv3 -mfloat-abi=hard -Wl,-build-id=none -specs=Xilinx.spec -Wl,-T -Wl,../src/lscript.ld -L../../simpleVectorArithmetic_bsp/ps7_cortexa9_0/lib -o "simpleVectorArithmetic.elf"  ./src/helloworld.o ./src/platform.o   -Wl,--start-group,-lxil,-lgcc,-lc,--end-group
'Finished building target: simpleVectorArithmetic.elf'
' '
'Invoking: ARM v7 Print Size'
arm-none-eabi-size simpleVectorArithmetic.elf  |tee "simpleVectorArithmetic.elf.size"
   text	   data	    bss	    dec	    hex	filename
  19632	   1144	  22568	  43344	   a950	simpleVectorArithmetic.elf
'Finished building: simpleVectorArithmetic.elf.size'
' '
21:22:42 **** Auto Build of configuration Debug for project simpleVectorArithmetic ****
make pre-build main-build 
a9-linaro-pre-build-step
' '
'Building file: ../src/helloworld.c'
'Invoking: ARM v7 gcc compiler'
arm-none-eabi-gcc -Wall -O0 -g3 -c -fmessage-length=0 -MT"src/helloworld.o" -mcpu=cortex-a9 -mfpu=vfpv3 -mfloat-abi=hard -I../../simpleVectorArithmetic_bsp/ps7_cortexa9_0/include -MMD -MP -MF"src/helloworld.d" -MT"src/helloworld.o" -o "src/helloworld.o" "../src/helloworld.c"
../src/helloworld.c: In function 'main':
../src/helloworld.c:70:20: warning: initialization of 'int *' from 'int' makes pointer from integer without a cast [-Wint-conversion]
     int *baseptr = 0x43C00000;
                    ^~~~~~~~~~
../src/helloworld.c:66:9: warning: unused variable 'myY' [-Wunused-variable]
     int myY[4][4] = {
         ^~~
../src/helloworld.c:62:9: warning: unused variable 'myX' [-Wunused-variable]
     int myX[4][4] = {
         ^~~
'Finished building: ../src/helloworld.c'
' '
'Building target: simpleVectorArithmetic.elf'
'Invoking: ARM v7 gcc linker'
arm-none-eabi-gcc -mcpu=cortex-a9 -mfpu=vfpv3 -mfloat-abi=hard -Wl,-build-id=none -specs=Xilinx.spec -Wl,-T -Wl,../src/lscript.ld -L../../simpleVectorArithmetic_bsp/ps7_cortexa9_0/lib -o "simpleVectorArithmetic.elf"  ./src/helloworld.o ./src/platform.o   -Wl,--start-group,-lxil,-lgcc,-lc,--end-group
'Finished building target: simpleVectorArithmetic.elf'
' '
'Invoking: ARM v7 Print Size'
arm-none-eabi-size simpleVectorArithmetic.elf  |tee "simpleVectorArithmetic.elf.size"
   text	   data	    bss	    dec	    hex	filename
  19912	   1144	  22568	  43624	   aa68	simpleVectorArithmetic.elf
'Finished building: simpleVectorArithmetic.elf.size'
' '
09:21:49 **** Clean-only build of configuration Debug for project simpleVectorArithmetic ****
make clean 
rm -rf  ./src/helloworld.o ./src/platform.o  ./src/helloworld.d ./src/platform.d  simpleVectorArithmetic.elf.size  simpleVectorArithmetic.elf
' '
09:21:49 **** Auto Build of configuration Debug for project simpleVectorArithmetic ****
make pre-build main-build 
a9-linaro-pre-build-step
' '
'Building file: ../src/helloworld.c'
'Invoking: ARM v7 gcc compiler'
arm-none-eabi-gcc -Wall -O0 -g3 -c -fmessage-length=0 -MT"src/helloworld.o" -mcpu=cortex-a9 -mfpu=vfpv3 -mfloat-abi=hard -I../../simpleVectorArithmetic_bsp/ps7_cortexa9_0/include -MMD -MP -MF"src/helloworld.d" -MT"src/helloworld.o" -o "src/helloworld.o" "../src/helloworld.c"
../src/helloworld.c: In function 'main':
../src/helloworld.c:58:21: warning: missing braces around initializer [-Wmissing-braces]
     int myW[4][4] = {
                     ^
      1, 2, 3, 4,
      {         }
   5, 6, 7, 8,
   {         }
   4, 3, 2, 1,
   {         }
   8, 7, 6, 5
   {
     };
     }
../src/helloworld.c:65:21: warning: missing braces around initializer [-Wmissing-braces]
     int myX[4][4] = {
                     ^
         1, 2, 3, 4,
         {         }
      5, 6, 7, 8,
      {         }
      4, 3, 2, 1,
      {         }
      8, 7, 6, 5
      {
     };
     }
../src/helloworld.c:76:20: warning: initialization of 'int *' from 'int' makes pointer from integer without a cast [-Wint-conversion]
     int *baseptr = 0x43C00000;
                    ^~~~~~~~~~
../src/helloworld.c:72:9: warning: unused variable 'myY' [-Wunused-variable]
     int myY[4][4] = {
         ^~~
../src/helloworld.c:65:9: warning: unused variable 'myX' [-Wunused-variable]
     int myX[4][4] = {
         ^~~
'Finished building: ../src/helloworld.c'
' '
'Building file: ../src/platform.c'
'Invoking: ARM v7 gcc compiler'
arm-none-eabi-gcc -Wall -O0 -g3 -c -fmessage-length=0 -MT"src/platform.o" -mcpu=cortex-a9 -mfpu=vfpv3 -mfloat-abi=hard -I../../simpleVectorArithmetic_bsp/ps7_cortexa9_0/include -MMD -MP -MF"src/platform.d" -MT"src/platform.o" -o "src/platform.o" "../src/platform.c"
'Finished building: ../src/platform.c'
' '
'Building target: simpleVectorArithmetic.elf'
'Invoking: ARM v7 gcc linker'
arm-none-eabi-gcc -mcpu=cortex-a9 -mfpu=vfpv3 -mfloat-abi=hard -Wl,-build-id=none -specs=Xilinx.spec -Wl,-T -Wl,../src/lscript.ld -L../../simpleVectorArithmetic_bsp/ps7_cortexa9_0/lib -o "simpleVectorArithmetic.elf"  ./src/helloworld.o ./src/platform.o   -Wl,--start-group,-lxil,-lgcc,-lc,--end-group
'Finished building target: simpleVectorArithmetic.elf'
' '
'Invoking: ARM v7 Print Size'
arm-none-eabi-size simpleVectorArithmetic.elf  |tee "simpleVectorArithmetic.elf.size"
   text	   data	    bss	    dec	    hex	filename
  20032	   1144	  22568	  43744	   aae0	simpleVectorArithmetic.elf
'Finished building: simpleVectorArithmetic.elf.size'
' '
09:21:55 **** Auto Build of configuration Debug for project simpleVectorArithmetic ****
make pre-build main-build 
a9-linaro-pre-build-step
' '
'Building file: ../src/helloworld.c'
'Invoking: ARM v7 gcc compiler'
arm-none-eabi-gcc -Wall -O0 -g3 -c -fmessage-length=0 -MT"src/helloworld.o" -mcpu=cortex-a9 -mfpu=vfpv3 -mfloat-abi=hard -I../../simpleVectorArithmetic_bsp/ps7_cortexa9_0/include -MMD -MP -MF"src/helloworld.d" -MT"src/helloworld.o" -o "src/helloworld.o" "../src/helloworld.c"
../src/helloworld.c: In function 'main':
../src/helloworld.c:58:21: warning: missing braces around initializer [-Wmissing-braces]
     int myW[4][4] = {
                     ^
      1, 2, 3, 4,
      {         }
   5, 6, 7, 8,
   {         }
   4, 3, 2, 1,
   {         }
   8, 7, 6, 5
   {
     };
     }
../src/helloworld.c:65:21: warning: missing braces around initializer [-Wmissing-braces]
     int myX[4][4] = {
                     ^
         1, 2, 3, 4,
         {         }
      5, 6, 7, 8,
      {         }
      4, 3, 2, 1,
      {         }
      8, 7, 6, 5
      {
     };
     }
../src/helloworld.c:74:20: warning: initialization of 'int *' from 'int' makes pointer from integer without a cast [-Wint-conversion]
     int *baseptr = 0x43C00000;
                    ^~~~~~~~~~
../src/helloworld.c:72:9: warning: unused variable 'myY' [-Wunused-variable]
     int myY[4][4] = {0};
         ^~~
../src/helloworld.c:65:9: warning: unused variable 'myX' [-Wunused-variable]
     int myX[4][4] = {
         ^~~
'Finished building: ../src/helloworld.c'
' '
'Building target: simpleVectorArithmetic.elf'
'Invoking: ARM v7 gcc linker'
arm-none-eabi-gcc -mcpu=cortex-a9 -mfpu=vfpv3 -mfloat-abi=hard -Wl,-build-id=none -specs=Xilinx.spec -Wl,-T -Wl,../src/lscript.ld -L../../simpleVectorArithmetic_bsp/ps7_cortexa9_0/lib -o "simpleVectorArithmetic.elf"  ./src/helloworld.o ./src/platform.o   -Wl,--start-group,-lxil,-lgcc,-lc,--end-group
'Finished building target: simpleVectorArithmetic.elf'
' '
'Invoking: ARM v7 Print Size'
arm-none-eabi-size simpleVectorArithmetic.elf  |tee "simpleVectorArithmetic.elf.size"
   text	   data	    bss	    dec	    hex	filename
  20032	   1144	  22568	  43744	   aae0	simpleVectorArithmetic.elf
'Finished building: simpleVectorArithmetic.elf.size'
' '
09:21:59 **** Auto Build of configuration Debug for project simpleVectorArithmetic ****
make pre-build main-build 
a9-linaro-pre-build-step
' '
'Building file: ../src/helloworld.c'
'Invoking: ARM v7 gcc compiler'
arm-none-eabi-gcc -Wall -O0 -g3 -c -fmessage-length=0 -MT"src/helloworld.o" -mcpu=cortex-a9 -mfpu=vfpv3 -mfloat-abi=hard -I../../simpleVectorArithmetic_bsp/ps7_cortexa9_0/include -MMD -MP -MF"src/helloworld.d" -MT"src/helloworld.o" -o "src/helloworld.o" "../src/helloworld.c"
../src/helloworld.c: In function 'main':
../src/helloworld.c:58:21: warning: missing braces around initializer [-Wmissing-braces]
     int myW[4][4] = {
                     ^
      1, 2, 3, 4,
      {         }
   5, 6, 7, 8,
   {         }
   4, 3, 2, 1,
   {         }
   8, 7, 6, 5
   {
     };
     }
../src/helloworld.c:65:21: warning: missing braces around initializer [-Wmissing-braces]
     int myX[4][4] = {
                     ^
         1, 2, 3, 4,
         {         }
      5, 6, 7, 8,
      {         }
      4, 3, 2, 1,
      {         }
      8, 7, 6, 5
      {
     };
     }
../src/helloworld.c:74:20: warning: initialization of 'int *' from 'int' makes pointer from integer without a cast [-Wint-conversion]
     int *baseptr = 0x43C00000;
                    ^~~~~~~~~~
../src/helloworld.c:72:9: warning: unused variable 'myY' [-Wunused-variable]
     int myY[4][4];
         ^~~
../src/helloworld.c:65:9: warning: unused variable 'myX' [-Wunused-variable]
     int myX[4][4] = {
         ^~~
'Finished building: ../src/helloworld.c'
' '
'Building target: simpleVectorArithmetic.elf'
'Invoking: ARM v7 gcc linker'
arm-none-eabi-gcc -mcpu=cortex-a9 -mfpu=vfpv3 -mfloat-abi=hard -Wl,-build-id=none -specs=Xilinx.spec -Wl,-T -Wl,../src/lscript.ld -L../../simpleVectorArithmetic_bsp/ps7_cortexa9_0/lib -o "simpleVectorArithmetic.elf"  ./src/helloworld.o ./src/platform.o   -Wl,--start-group,-lxil,-lgcc,-lc,--end-group
'Finished building target: simpleVectorArithmetic.elf'
' '
'Invoking: ARM v7 Print Size'
arm-none-eabi-size simpleVectorArithmetic.elf  |tee "simpleVectorArithmetic.elf.size"
   text	   data	    bss	    dec	    hex	filename
  19852	   1144	  22568	  43564	   aa2c	simpleVectorArithmetic.elf
'Finished building: simpleVectorArithmetic.elf.size'
' '
09:22:12 **** Auto Build of configuration Debug for project simpleVectorArithmetic ****
make pre-build main-build 
a9-linaro-pre-build-step
' '
'Building file: ../src/helloworld.c'
'Invoking: ARM v7 gcc compiler'
arm-none-eabi-gcc -Wall -O0 -g3 -c -fmessage-length=0 -MT"src/helloworld.o" -mcpu=cortex-a9 -mfpu=vfpv3 -mfloat-abi=hard -I../../simpleVectorArithmetic_bsp/ps7_cortexa9_0/include -MMD -MP -MF"src/helloworld.d" -MT"src/helloworld.o" -o "src/helloworld.o" "../src/helloworld.c"
../src/helloworld.c: In function 'main':
../src/helloworld.c:58:21: warning: missing braces around initializer [-Wmissing-braces]
     int myW[4][4] = {
                     ^
      1, 2, 3, 4,
      {         }
   5, 6, 7, 8,
   {         }
   4, 3, 2, 1,
   {         }
   8, 7, 6, 5
   {
     };
     }
../src/helloworld.c:65:21: warning: missing braces around initializer [-Wmissing-braces]
     int myX[4][4] = {
                     ^
         1, 2, 3, 4,
         {         }
      5, 6, 7, 8,
      {         }
      4, 3, 2, 1,
      {         }
      8, 7, 6, 5
      {
     };
     }
../src/helloworld.c:72:9: warning: unused variable 'myY' [-Wunused-variable]
     int myY[4][4];
         ^~~
../src/helloworld.c:65:9: warning: unused variable 'myX' [-Wunused-variable]
     int myX[4][4] = {
         ^~~
'Finished building: ../src/helloworld.c'
' '
'Building target: simpleVectorArithmetic.elf'
'Invoking: ARM v7 gcc linker'
arm-none-eabi-gcc -mcpu=cortex-a9 -mfpu=vfpv3 -mfloat-abi=hard -Wl,-build-id=none -specs=Xilinx.spec -Wl,-T -Wl,../src/lscript.ld -L../../simpleVectorArithmetic_bsp/ps7_cortexa9_0/lib -o "simpleVectorArithmetic.elf"  ./src/helloworld.o ./src/platform.o   -Wl,--start-group,-lxil,-lgcc,-lc,--end-group
'Finished building target: simpleVectorArithmetic.elf'
' '
'Invoking: ARM v7 Print Size'
arm-none-eabi-size simpleVectorArithmetic.elf  |tee "simpleVectorArithmetic.elf.size"
   text	   data	    bss	    dec	    hex	filename
  19852	   1144	  22568	  43564	   aa2c	simpleVectorArithmetic.elf
'Finished building: simpleVectorArithmetic.elf.size'
' '
09:22:24 **** Auto Build of configuration Debug for project simpleVectorArithmetic ****
make pre-build main-build 
a9-linaro-pre-build-step
' '
'Building file: ../src/helloworld.c'
'Invoking: ARM v7 gcc compiler'
arm-none-eabi-gcc -Wall -O0 -g3 -c -fmessage-length=0 -MT"src/helloworld.o" -mcpu=cortex-a9 -mfpu=vfpv3 -mfloat-abi=hard -I../../simpleVectorArithmetic_bsp/ps7_cortexa9_0/include -MMD -MP -MF"src/helloworld.d" -MT"src/helloworld.o" -o "src/helloworld.o" "../src/helloworld.c"
../src/helloworld.c: In function 'main':
../src/helloworld.c:58:21: warning: missing braces around initializer [-Wmissing-braces]
     int myW[4][4] = {
                     ^
      1, 2, 3, 4,
      {         }
   5, 6, 7, 8,
   {         }
   4, 3, 2, 1,
   {         }
   8, 7, 6, 5
   {
     };
     }
../src/helloworld.c:65:21: warning: missing braces around initializer [-Wmissing-braces]
     int myX[4][4] = {
                     ^
         1, 2, 3, 4,
         {         }
      5, 6, 7, 8,
      {         }
      4, 3, 2, 1,
      {         }
      8, 7, 6, 5
      {
     };
     }
../src/helloworld.c:72:9: warning: unused variable 'myY' [-Wunused-variable]
     int myY[4][4];
         ^~~
../src/helloworld.c:65:9: warning: unused variable 'myX' [-Wunused-variable]
     int myX[4][4] = {
         ^~~
'Finished building: ../src/helloworld.c'
' '
'Building target: simpleVectorArithmetic.elf'
'Invoking: ARM v7 gcc linker'
arm-none-eabi-gcc -mcpu=cortex-a9 -mfpu=vfpv3 -mfloat-abi=hard -Wl,-build-id=none -specs=Xilinx.spec -Wl,-T -Wl,../src/lscript.ld -L../../simpleVectorArithmetic_bsp/ps7_cortexa9_0/lib -o "simpleVectorArithmetic.elf"  ./src/helloworld.o ./src/platform.o   -Wl,--start-group,-lxil,-lgcc,-lc,--end-group
'Finished building target: simpleVectorArithmetic.elf'
' '
'Invoking: ARM v7 Print Size'
arm-none-eabi-size simpleVectorArithmetic.elf  |tee "simpleVectorArithmetic.elf.size"
   text	   data	    bss	    dec	    hex	filename
  19852	   1144	  22568	  43564	   aa2c	simpleVectorArithmetic.elf
'Finished building: simpleVectorArithmetic.elf.size'
' '
09:22:35 **** Auto Build of configuration Debug for project simpleVectorArithmetic ****
make pre-build main-build 
a9-linaro-pre-build-step
' '
'Building file: ../src/helloworld.c'
'Invoking: ARM v7 gcc compiler'
arm-none-eabi-gcc -Wall -O0 -g3 -c -fmessage-length=0 -MT"src/helloworld.o" -mcpu=cortex-a9 -mfpu=vfpv3 -mfloat-abi=hard -I../../simpleVectorArithmetic_bsp/ps7_cortexa9_0/include -MMD -MP -MF"src/helloworld.d" -MT"src/helloworld.o" -o "src/helloworld.o" "../src/helloworld.c"
../src/helloworld.c: In function 'main':
../src/helloworld.c:58:21: warning: missing braces around initializer [-Wmissing-braces]
     int myW[4][4] = {
                     ^
      1, 2, 3, 4,
      {         }
   5, 6, 7, 8,
   {         }
   4, 3, 2, 1,
   {         }
   8, 7, 6, 5
   {
     };
     }
../src/helloworld.c:65:21: warning: missing braces around initializer [-Wmissing-braces]
     int myX[4][4] = {
                     ^
         1, 2, 3, 4,
         {         }
      5, 6, 7, 8,
      {         }
      4, 3, 2, 1,
      {         }
      8, 7, 6, 5
      {
     };
     }
../src/helloworld.c:72:9: warning: unused variable 'myY' [-Wunused-variable]
     int myY[4][4];
         ^~~
../src/helloworld.c:65:9: warning: unused variable 'myX' [-Wunused-variable]
     int myX[4][4] = {
         ^~~
'Finished building: ../src/helloworld.c'
' '
'Building target: simpleVectorArithmetic.elf'
'Invoking: ARM v7 gcc linker'
arm-none-eabi-gcc -mcpu=cortex-a9 -mfpu=vfpv3 -mfloat-abi=hard -Wl,-build-id=none -specs=Xilinx.spec -Wl,-T -Wl,../src/lscript.ld -L../../simpleVectorArithmetic_bsp/ps7_cortexa9_0/lib -o "simpleVectorArithmetic.elf"  ./src/helloworld.o ./src/platform.o   -Wl,--start-group,-lxil,-lgcc,-lc,--end-group
'Finished building target: simpleVectorArithmetic.elf'
' '
'Invoking: ARM v7 Print Size'
arm-none-eabi-size simpleVectorArithmetic.elf  |tee "simpleVectorArithmetic.elf.size"
   text	   data	    bss	    dec	    hex	filename
  19852	   1144	  22568	  43564	   aa2c	simpleVectorArithmetic.elf
'Finished building: simpleVectorArithmetic.elf.size'
' '
09:22:38 **** Auto Build of configuration Debug for project simpleVectorArithmetic ****
make pre-build main-build 
a9-linaro-pre-build-step
' '
'Building file: ../src/helloworld.c'
'Invoking: ARM v7 gcc compiler'
arm-none-eabi-gcc -Wall -O0 -g3 -c -fmessage-length=0 -MT"src/helloworld.o" -mcpu=cortex-a9 -mfpu=vfpv3 -mfloat-abi=hard -I../../simpleVectorArithmetic_bsp/ps7_cortexa9_0/include -MMD -MP -MF"src/helloworld.d" -MT"src/helloworld.o" -o "src/helloworld.o" "../src/helloworld.c"
../src/helloworld.c: In function 'main':
../src/helloworld.c:58:21: warning: missing braces around initializer [-Wmissing-braces]
     int myW[4][4] = {
                     ^
      1, 2, 3, 4,
      {         }
   5, 6, 7, 8,
   {         }
   4, 3, 2, 1,
   {         }
   8, 7, 6, 5
   {
     };
     }
../src/helloworld.c:65:21: warning: missing braces around initializer [-Wmissing-braces]
     int myX[4][4] = {
                     ^
         1, 2, 3, 4,
         {         }
      5, 6, 7, 8,
      {         }
      4, 3, 2, 1,
      {         }
      8, 7, 6, 5
      {
     };
     }
../src/helloworld.c:72:9: warning: unused variable 'myY' [-Wunused-variable]
     int myY[4][4];
         ^~~
../src/helloworld.c:65:9: warning: unused variable 'myX' [-Wunused-variable]
     int myX[4][4] = {
         ^~~
'Finished building: ../src/helloworld.c'
' '
'Building target: simpleVectorArithmetic.elf'
'Invoking: ARM v7 gcc linker'
arm-none-eabi-gcc -mcpu=cortex-a9 -mfpu=vfpv3 -mfloat-abi=hard -Wl,-build-id=none -specs=Xilinx.spec -Wl,-T -Wl,../src/lscript.ld -L../../simpleVectorArithmetic_bsp/ps7_cortexa9_0/lib -o "simpleVectorArithmetic.elf"  ./src/helloworld.o ./src/platform.o   -Wl,--start-group,-lxil,-lgcc,-lc,--end-group
'Finished building target: simpleVectorArithmetic.elf'
' '
'Invoking: ARM v7 Print Size'
arm-none-eabi-size simpleVectorArithmetic.elf  |tee "simpleVectorArithmetic.elf.size"
   text	   data	    bss	    dec	    hex	filename
  19852	   1144	  22568	  43564	   aa2c	simpleVectorArithmetic.elf
'Finished building: simpleVectorArithmetic.elf.size'
' '
09:23:20 **** Auto Build of configuration Debug for project simpleVectorArithmetic ****
make pre-build main-build 
a9-linaro-pre-build-step
' '
'Building file: ../src/helloworld.c'
'Invoking: ARM v7 gcc compiler'
arm-none-eabi-gcc -Wall -O0 -g3 -c -fmessage-length=0 -MT"src/helloworld.o" -mcpu=cortex-a9 -mfpu=vfpv3 -mfloat-abi=hard -I../../simpleVectorArithmetic_bsp/ps7_cortexa9_0/include -MMD -MP -MF"src/helloworld.d" -MT"src/helloworld.o" -o "src/helloworld.o" "../src/helloworld.c"
../src/helloworld.c: In function 'main':
../src/helloworld.c:58:21: warning: missing braces around initializer [-Wmissing-braces]
     int myW[4][4] = {
                     ^
      1, 2, 3, 4,
      {         }
   5, 6, 7, 8,
   {         }
   4, 3, 2, 1,
   {         }
   8, 7, 6, 5
   {
     };
     }
../src/helloworld.c:65:21: warning: missing braces around initializer [-Wmissing-braces]
     int myX[4][4] = {
                     ^
         1, 2, 3, 4,
         {         }
      5, 6, 7, 8,
      {         }
      4, 3, 2, 1,
      {         }
      8, 7, 6, 5
      {
     };
     }
../src/helloworld.c:72:9: warning: variable 'myY' set but not used [-Wunused-but-set-variable]
     int myY[4][4];
         ^~~
../src/helloworld.c:65:9: warning: unused variable 'myX' [-Wunused-variable]
     int myX[4][4] = {
         ^~~
'Finished building: ../src/helloworld.c'
' '
'Building target: simpleVectorArithmetic.elf'
'Invoking: ARM v7 gcc linker'
arm-none-eabi-gcc -mcpu=cortex-a9 -mfpu=vfpv3 -mfloat-abi=hard -Wl,-build-id=none -specs=Xilinx.spec -Wl,-T -Wl,../src/lscript.ld -L../../simpleVectorArithmetic_bsp/ps7_cortexa9_0/lib -o "simpleVectorArithmetic.elf"  ./src/helloworld.o ./src/platform.o   -Wl,--start-group,-lxil,-lgcc,-lc,--end-group
'Finished building target: simpleVectorArithmetic.elf'
' '
'Invoking: ARM v7 Print Size'
arm-none-eabi-size simpleVectorArithmetic.elf  |tee "simpleVectorArithmetic.elf.size"
   text	   data	    bss	    dec	    hex	filename
  19720	   1144	  22568	  43432	   a9a8	simpleVectorArithmetic.elf
'Finished building: simpleVectorArithmetic.elf.size'
' '
09:23:45 **** Auto Build of configuration Debug for project simpleVectorArithmetic ****
make pre-build main-build 
a9-linaro-pre-build-step
' '
'Building file: ../src/helloworld.c'
'Invoking: ARM v7 gcc compiler'
arm-none-eabi-gcc -Wall -O0 -g3 -c -fmessage-length=0 -MT"src/helloworld.o" -mcpu=cortex-a9 -mfpu=vfpv3 -mfloat-abi=hard -I../../simpleVectorArithmetic_bsp/ps7_cortexa9_0/include -MMD -MP -MF"src/helloworld.d" -MT"src/helloworld.o" -o "src/helloworld.o" "../src/helloworld.c"
../src/helloworld.c: In function 'main':
../src/helloworld.c:58:21: warning: missing braces around initializer [-Wmissing-braces]
     int myW[4][4] = {
                     ^
      1, 2, 3, 4,
      {         }
   5, 6, 7, 8,
   {         }
   4, 3, 2, 1,
   {         }
   8, 7, 6, 5
   {
     };
     }
../src/helloworld.c:65:21: warning: missing braces around initializer [-Wmissing-braces]
     int myX[4][4] = {
                     ^
         1, 2, 3, 4,
         {         }
      5, 6, 7, 8,
      {         }
      4, 3, 2, 1,
      {         }
      8, 7, 6, 5
      {
     };
     }
../src/helloworld.c:72:9: warning: variable 'myY' set but not used [-Wunused-but-set-variable]
     int myY[4][4];
         ^~~
../src/helloworld.c:65:9: warning: unused variable 'myX' [-Wunused-variable]
     int myX[4][4] = {
         ^~~
'Finished building: ../src/helloworld.c'
' '
'Building target: simpleVectorArithmetic.elf'
'Invoking: ARM v7 gcc linker'
arm-none-eabi-gcc -mcpu=cortex-a9 -mfpu=vfpv3 -mfloat-abi=hard -Wl,-build-id=none -specs=Xilinx.spec -Wl,-T -Wl,../src/lscript.ld -L../../simpleVectorArithmetic_bsp/ps7_cortexa9_0/lib -o "simpleVectorArithmetic.elf"  ./src/helloworld.o ./src/platform.o   -Wl,--start-group,-lxil,-lgcc,-lc,--end-group
'Finished building target: simpleVectorArithmetic.elf'
' '
'Invoking: ARM v7 Print Size'
arm-none-eabi-size simpleVectorArithmetic.elf  |tee "simpleVectorArithmetic.elf.size"
   text	   data	    bss	    dec	    hex	filename
  19732	   1144	  22568	  43444	   a9b4	simpleVectorArithmetic.elf
'Finished building: simpleVectorArithmetic.elf.size'
' '
09:23:55 **** Auto Build of configuration Debug for project simpleVectorArithmetic ****
make pre-build main-build 
a9-linaro-pre-build-step
' '
'Building file: ../src/helloworld.c'
'Invoking: ARM v7 gcc compiler'
arm-none-eabi-gcc -Wall -O0 -g3 -c -fmessage-length=0 -MT"src/helloworld.o" -mcpu=cortex-a9 -mfpu=vfpv3 -mfloat-abi=hard -I../../simpleVectorArithmetic_bsp/ps7_cortexa9_0/include -MMD -MP -MF"src/helloworld.d" -MT"src/helloworld.o" -o "src/helloworld.o" "../src/helloworld.c"
../src/helloworld.c: In function 'main':
../src/helloworld.c:58:21: warning: missing braces around initializer [-Wmissing-braces]
     int myW[4][4] = {
                     ^
      1, 2, 3, 4,
      {         }
   5, 6, 7, 8,
   {         }
   4, 3, 2, 1,
   {         }
   8, 7, 6, 5
   {
     };
     }
../src/helloworld.c:65:21: warning: missing braces around initializer [-Wmissing-braces]
     int myX[4][4] = {
                     ^
         1, 2, 3, 4,
         {         }
      5, 6, 7, 8,
      {         }
      4, 3, 2, 1,
      {         }
      8, 7, 6, 5
      {
     };
     }
../src/helloworld.c:72:9: warning: variable 'myY' set but not used [-Wunused-but-set-variable]
     int myY[4][4];
         ^~~
../src/helloworld.c:65:9: warning: unused variable 'myX' [-Wunused-variable]
     int myX[4][4] = {
         ^~~
'Finished building: ../src/helloworld.c'
' '
'Building target: simpleVectorArithmetic.elf'
'Invoking: ARM v7 gcc linker'
arm-none-eabi-gcc -mcpu=cortex-a9 -mfpu=vfpv3 -mfloat-abi=hard -Wl,-build-id=none -specs=Xilinx.spec -Wl,-T -Wl,../src/lscript.ld -L../../simpleVectorArithmetic_bsp/ps7_cortexa9_0/lib -o "simpleVectorArithmetic.elf"  ./src/helloworld.o ./src/platform.o   -Wl,--start-group,-lxil,-lgcc,-lc,--end-group
'Finished building target: simpleVectorArithmetic.elf'
' '
'Invoking: ARM v7 Print Size'
arm-none-eabi-size simpleVectorArithmetic.elf  |tee "simpleVectorArithmetic.elf.size"
   text	   data	    bss	    dec	    hex	filename
  19732	   1144	  22568	  43444	   a9b4	simpleVectorArithmetic.elf
'Finished building: simpleVectorArithmetic.elf.size'
' '
09:24:17 **** Auto Build of configuration Debug for project simpleVectorArithmetic ****
make pre-build main-build 
a9-linaro-pre-build-step
' '
'Building file: ../src/helloworld.c'
'Invoking: ARM v7 gcc compiler'
arm-none-eabi-gcc -Wall -O0 -g3 -c -fmessage-length=0 -MT"src/helloworld.o" -mcpu=cortex-a9 -mfpu=vfpv3 -mfloat-abi=hard -I../../simpleVectorArithmetic_bsp/ps7_cortexa9_0/include -MMD -MP -MF"src/helloworld.d" -MT"src/helloworld.o" -o "src/helloworld.o" "../src/helloworld.c"
../src/helloworld.c: In function 'main':
../src/helloworld.c:58:21: warning: missing braces around initializer [-Wmissing-braces]
     int myW[4][4] = {
                     ^
      1, 2, 3, 4,
      {         }
   5, 6, 7, 8,
   {         }
   4, 3, 2, 1,
   {         }
   8, 7, 6, 5
   {
     };
     }
../src/helloworld.c:65:21: warning: missing braces around initializer [-Wmissing-braces]
     int myX[4][4] = {
                     ^
         1, 2, 3, 4,
         {         }
      5, 6, 7, 8,
      {         }
      4, 3, 2, 1,
      {         }
      8, 7, 6, 5
      {
     };
     }
../src/helloworld.c:72:9: warning: variable 'myY' set but not used [-Wunused-but-set-variable]
     int myY[4][4];
         ^~~
../src/helloworld.c:65:9: warning: unused variable 'myX' [-Wunused-variable]
     int myX[4][4] = {
         ^~~
'Finished building: ../src/helloworld.c'
' '
'Building target: simpleVectorArithmetic.elf'
'Invoking: ARM v7 gcc linker'
arm-none-eabi-gcc -mcpu=cortex-a9 -mfpu=vfpv3 -mfloat-abi=hard -Wl,-build-id=none -specs=Xilinx.spec -Wl,-T -Wl,../src/lscript.ld -L../../simpleVectorArithmetic_bsp/ps7_cortexa9_0/lib -o "simpleVectorArithmetic.elf"  ./src/helloworld.o ./src/platform.o   -Wl,--start-group,-lxil,-lgcc,-lc,--end-group
'Finished building target: simpleVectorArithmetic.elf'
' '
'Invoking: ARM v7 Print Size'
arm-none-eabi-size simpleVectorArithmetic.elf  |tee "simpleVectorArithmetic.elf.size"
   text	   data	    bss	    dec	    hex	filename
  19632	   1144	  22568	  43344	   a950	simpleVectorArithmetic.elf
'Finished building: simpleVectorArithmetic.elf.size'
' '
09:24:31 **** Auto Build of configuration Debug for project simpleVectorArithmetic ****
make pre-build main-build 
a9-linaro-pre-build-step
' '
'Building file: ../src/helloworld.c'
'Invoking: ARM v7 gcc compiler'
arm-none-eabi-gcc -Wall -O0 -g3 -c -fmessage-length=0 -MT"src/helloworld.o" -mcpu=cortex-a9 -mfpu=vfpv3 -mfloat-abi=hard -I../../simpleVectorArithmetic_bsp/ps7_cortexa9_0/include -MMD -MP -MF"src/helloworld.d" -MT"src/helloworld.o" -o "src/helloworld.o" "../src/helloworld.c"
../src/helloworld.c: In function 'main':
../src/helloworld.c:58:21: warning: missing braces around initializer [-Wmissing-braces]
     int myW[4][4] = {
                     ^
      1, 2, 3, 4,
      {         }
   5, 6, 7, 8,
   {         }
   4, 3, 2, 1,
   {         }
   8, 7, 6, 5
   {
     };
     }
../src/helloworld.c:65:21: warning: missing braces around initializer [-Wmissing-braces]
     int myX[4][4] = {
                     ^
         1, 2, 3, 4,
         {         }
      5, 6, 7, 8,
      {         }
      4, 3, 2, 1,
      {         }
      8, 7, 6, 5
      {
     };
     }
../src/helloworld.c:72:9: warning: variable 'myY' set but not used [-Wunused-but-set-variable]
     int myY[4][4];
         ^~~
../src/helloworld.c:65:9: warning: unused variable 'myX' [-Wunused-variable]
     int myX[4][4] = {
         ^~~
'Finished building: ../src/helloworld.c'
' '
'Building target: simpleVectorArithmetic.elf'
'Invoking: ARM v7 gcc linker'
arm-none-eabi-gcc -mcpu=cortex-a9 -mfpu=vfpv3 -mfloat-abi=hard -Wl,-build-id=none -specs=Xilinx.spec -Wl,-T -Wl,../src/lscript.ld -L../../simpleVectorArithmetic_bsp/ps7_cortexa9_0/lib -o "simpleVectorArithmetic.elf"  ./src/helloworld.o ./src/platform.o   -Wl,--start-group,-lxil,-lgcc,-lc,--end-group
'Finished building target: simpleVectorArithmetic.elf'
' '
'Invoking: ARM v7 Print Size'
arm-none-eabi-size simpleVectorArithmetic.elf  |tee "simpleVectorArithmetic.elf.size"
   text	   data	    bss	    dec	    hex	filename
  19620	   1144	  22568	  43332	   a944	simpleVectorArithmetic.elf
'Finished building: simpleVectorArithmetic.elf.size'
' '
09:24:50 **** Auto Build of configuration Debug for project simpleVectorArithmetic ****
make pre-build main-build 
a9-linaro-pre-build-step
' '
'Building file: ../src/helloworld.c'
'Invoking: ARM v7 gcc compiler'
arm-none-eabi-gcc -Wall -O0 -g3 -c -fmessage-length=0 -MT"src/helloworld.o" -mcpu=cortex-a9 -mfpu=vfpv3 -mfloat-abi=hard -I../../simpleVectorArithmetic_bsp/ps7_cortexa9_0/include -MMD -MP -MF"src/helloworld.d" -MT"src/helloworld.o" -o "src/helloworld.o" "../src/helloworld.c"
../src/helloworld.c: In function 'main':
../src/helloworld.c:58:21: warning: missing braces around initializer [-Wmissing-braces]
     int myW[4][4] = {
                     ^
      1, 2, 3, 4,
      {         }
   5, 6, 7, 8,
   {         }
   4, 3, 2, 1,
   {         }
   8, 7, 6, 5
   {
     };
     }
../src/helloworld.c:65:21: warning: missing braces around initializer [-Wmissing-braces]
     int myX[4][4] = {
                     ^
         1, 2, 3, 4,
         {         }
      5, 6, 7, 8,
      {         }
      4, 3, 2, 1,
      {         }
      8, 7, 6, 5
      {
     };
     }
../src/helloworld.c:72:9: warning: variable 'myY' set but not used [-Wunused-but-set-variable]
     int myY[4][4];
         ^~~
../src/helloworld.c:65:9: warning: unused variable 'myX' [-Wunused-variable]
     int myX[4][4] = {
         ^~~
'Finished building: ../src/helloworld.c'
' '
'Building target: simpleVectorArithmetic.elf'
'Invoking: ARM v7 gcc linker'
arm-none-eabi-gcc -mcpu=cortex-a9 -mfpu=vfpv3 -mfloat-abi=hard -Wl,-build-id=none -specs=Xilinx.spec -Wl,-T -Wl,../src/lscript.ld -L../../simpleVectorArithmetic_bsp/ps7_cortexa9_0/lib -o "simpleVectorArithmetic.elf"  ./src/helloworld.o ./src/platform.o   -Wl,--start-group,-lxil,-lgcc,-lc,--end-group
'Finished building target: simpleVectorArithmetic.elf'
' '
'Invoking: ARM v7 Print Size'
arm-none-eabi-size simpleVectorArithmetic.elf  |tee "simpleVectorArithmetic.elf.size"
   text	   data	    bss	    dec	    hex	filename
  19508	   1144	  22568	  43220	   a8d4	simpleVectorArithmetic.elf
'Finished building: simpleVectorArithmetic.elf.size'
' '
09:25:10 **** Auto Build of configuration Debug for project simpleVectorArithmetic ****
make pre-build main-build 
a9-linaro-pre-build-step
' '
'Building file: ../src/helloworld.c'
'Invoking: ARM v7 gcc compiler'
arm-none-eabi-gcc -Wall -O0 -g3 -c -fmessage-length=0 -MT"src/helloworld.o" -mcpu=cortex-a9 -mfpu=vfpv3 -mfloat-abi=hard -I../../simpleVectorArithmetic_bsp/ps7_cortexa9_0/include -MMD -MP -MF"src/helloworld.d" -MT"src/helloworld.o" -o "src/helloworld.o" "../src/helloworld.c"
../src/helloworld.c: In function 'main':
../src/helloworld.c:58:21: warning: missing braces around initializer [-Wmissing-braces]
     int myW[4][4] = {
                     ^
      1, 2, 3, 4,
      {         }
   5, 6, 7, 8,
   {         }
   4, 3, 2, 1,
   {         }
   8, 7, 6, 5
   {
     };
     }
../src/helloworld.c:65:21: warning: missing braces around initializer [-Wmissing-braces]
     int myX[4][4] = {
                     ^
         1, 2, 3, 4,
         {         }
      5, 6, 7, 8,
      {         }
      4, 3, 2, 1,
      {         }
      8, 7, 6, 5
      {
     };
     }
../src/helloworld.c:72:9: warning: variable 'myY' set but not used [-Wunused-but-set-variable]
     int myY[4][4];
         ^~~
../src/helloworld.c:65:9: warning: unused variable 'myX' [-Wunused-variable]
     int myX[4][4] = {
         ^~~
'Finished building: ../src/helloworld.c'
' '
'Building target: simpleVectorArithmetic.elf'
'Invoking: ARM v7 gcc linker'
arm-none-eabi-gcc -mcpu=cortex-a9 -mfpu=vfpv3 -mfloat-abi=hard -Wl,-build-id=none -specs=Xilinx.spec -Wl,-T -Wl,../src/lscript.ld -L../../simpleVectorArithmetic_bsp/ps7_cortexa9_0/lib -o "simpleVectorArithmetic.elf"  ./src/helloworld.o ./src/platform.o   -Wl,--start-group,-lxil,-lgcc,-lc,--end-group
'Finished building target: simpleVectorArithmetic.elf'
' '
'Invoking: ARM v7 Print Size'
arm-none-eabi-size simpleVectorArithmetic.elf  |tee "simpleVectorArithmetic.elf.size"
   text	   data	    bss	    dec	    hex	filename
  19484	   1144	  22568	  43196	   a8bc	simpleVectorArithmetic.elf
'Finished building: simpleVectorArithmetic.elf.size'
' '
09:25:36 **** Auto Build of configuration Debug for project simpleVectorArithmetic ****
make pre-build main-build 
a9-linaro-pre-build-step
' '
'Building file: ../src/helloworld.c'
'Invoking: ARM v7 gcc compiler'
arm-none-eabi-gcc -Wall -O0 -g3 -c -fmessage-length=0 -MT"src/helloworld.o" -mcpu=cortex-a9 -mfpu=vfpv3 -mfloat-abi=hard -I../../simpleVectorArithmetic_bsp/ps7_cortexa9_0/include -MMD -MP -MF"src/helloworld.d" -MT"src/helloworld.o" -o "src/helloworld.o" "../src/helloworld.c"
../src/helloworld.c: In function 'main':
../src/helloworld.c:58:21: warning: missing braces around initializer [-Wmissing-braces]
     int myW[4][4] = {
                     ^
      1, 2, 3, 4,
      {         }
   5, 6, 7, 8,
   {         }
   4, 3, 2, 1,
   {         }
   8, 7, 6, 5
   {
     };
     }
../src/helloworld.c:65:21: warning: missing braces around initializer [-Wmissing-braces]
     int myX[4][4] = {
                     ^
         1, 2, 3, 4,
         {         }
      5, 6, 7, 8,
      {         }
      4, 3, 2, 1,
      {         }
      8, 7, 6, 5
      {
     };
     }
../src/helloworld.c:72:9: warning: variable 'myY' set but not used [-Wunused-but-set-variable]
     int myY[4][4];
         ^~~
'Finished building: ../src/helloworld.c'
' '
'Building target: simpleVectorArithmetic.elf'
'Invoking: ARM v7 gcc linker'
arm-none-eabi-gcc -mcpu=cortex-a9 -mfpu=vfpv3 -mfloat-abi=hard -Wl,-build-id=none -specs=Xilinx.spec -Wl,-T -Wl,../src/lscript.ld -L../../simpleVectorArithmetic_bsp/ps7_cortexa9_0/lib -o "simpleVectorArithmetic.elf"  ./src/helloworld.o ./src/platform.o   -Wl,--start-group,-lxil,-lgcc,-lc,--end-group
'Finished building target: simpleVectorArithmetic.elf'
' '
'Invoking: ARM v7 Print Size'
arm-none-eabi-size simpleVectorArithmetic.elf  |tee "simpleVectorArithmetic.elf.size"
   text	   data	    bss	    dec	    hex	filename
  19484	   1144	  22568	  43196	   a8bc	simpleVectorArithmetic.elf
'Finished building: simpleVectorArithmetic.elf.size'
' '
09:26:03 **** Auto Build of configuration Debug for project simpleVectorArithmetic ****
make pre-build main-build 
a9-linaro-pre-build-step
' '
'Building file: ../src/helloworld.c'
'Invoking: ARM v7 gcc compiler'
arm-none-eabi-gcc -Wall -O0 -g3 -c -fmessage-length=0 -MT"src/helloworld.o" -mcpu=cortex-a9 -mfpu=vfpv3 -mfloat-abi=hard -I../../simpleVectorArithmetic_bsp/ps7_cortexa9_0/include -MMD -MP -MF"src/helloworld.d" -MT"src/helloworld.o" -o "src/helloworld.o" "../src/helloworld.c"
../src/helloworld.c: In function 'main':
../src/helloworld.c:65:21: warning: missing braces around initializer [-Wmissing-braces]
     int myX[4][4] = {
                     ^
         1, 2, 3, 4,
         {         }
      5, 6, 7, 8,
      {         }
      4, 3, 2, 1,
      {         }
      8, 7, 6, 5
      {
     };
     }
../src/helloworld.c:72:9: warning: variable 'myY' set but not used [-Wunused-but-set-variable]
     int myY[4][4];
         ^~~
'Finished building: ../src/helloworld.c'
' '
'Building target: simpleVectorArithmetic.elf'
'Invoking: ARM v7 gcc linker'
arm-none-eabi-gcc -mcpu=cortex-a9 -mfpu=vfpv3 -mfloat-abi=hard -Wl,-build-id=none -specs=Xilinx.spec -Wl,-T -Wl,../src/lscript.ld -L../../simpleVectorArithmetic_bsp/ps7_cortexa9_0/lib -o "simpleVectorArithmetic.elf"  ./src/helloworld.o ./src/platform.o   -Wl,--start-group,-lxil,-lgcc,-lc,--end-group
'Finished building target: simpleVectorArithmetic.elf'
' '
'Invoking: ARM v7 Print Size'
arm-none-eabi-size simpleVectorArithmetic.elf  |tee "simpleVectorArithmetic.elf.size"
   text	   data	    bss	    dec	    hex	filename
  19484	   1144	  22568	  43196	   a8bc	simpleVectorArithmetic.elf
'Finished building: simpleVectorArithmetic.elf.size'
' '
09:26:06 **** Auto Build of configuration Debug for project simpleVectorArithmetic ****
make pre-build main-build 
a9-linaro-pre-build-step
' '
'Building file: ../src/helloworld.c'
'Invoking: ARM v7 gcc compiler'
arm-none-eabi-gcc -Wall -O0 -g3 -c -fmessage-length=0 -MT"src/helloworld.o" -mcpu=cortex-a9 -mfpu=vfpv3 -mfloat-abi=hard -I../../simpleVectorArithmetic_bsp/ps7_cortexa9_0/include -MMD -MP -MF"src/helloworld.d" -MT"src/helloworld.o" -o "src/helloworld.o" "../src/helloworld.c"
../src/helloworld.c: In function 'main':
../src/helloworld.c:58:21: warning: missing braces around initializer [-Wmissing-braces]
     int myW[4][4] = {
                     ^
      1, 2, 3, 4,
      {         }
   5, 6, 7, 8,
   {         }
   4, 3, 2, 1,
   {         }
   8, 7, 6, 5
   {
     };
     }
../src/helloworld.c:65:21: warning: missing braces around initializer [-Wmissing-braces]
     int myX[4][4] = {
                     ^
         1, 2, 3, 4,
         {         }
      5, 6, 7, 8,
      {         }
      4, 3, 2, 1,
      {         }
      8, 7, 6, 5
      {
     };
     }
../src/helloworld.c:72:9: warning: variable 'myY' set but not used [-Wunused-but-set-variable]
     int myY[4][4];
         ^~~
'Finished building: ../src/helloworld.c'
' '
'Building target: simpleVectorArithmetic.elf'
'Invoking: ARM v7 gcc linker'
arm-none-eabi-gcc -mcpu=cortex-a9 -mfpu=vfpv3 -mfloat-abi=hard -Wl,-build-id=none -specs=Xilinx.spec -Wl,-T -Wl,../src/lscript.ld -L../../simpleVectorArithmetic_bsp/ps7_cortexa9_0/lib -o "simpleVectorArithmetic.elf"  ./src/helloworld.o ./src/platform.o   -Wl,--start-group,-lxil,-lgcc,-lc,--end-group
'Finished building target: simpleVectorArithmetic.elf'
' '
'Invoking: ARM v7 Print Size'
arm-none-eabi-size simpleVectorArithmetic.elf  |tee "simpleVectorArithmetic.elf.size"
   text	   data	    bss	    dec	    hex	filename
  19484	   1144	  22568	  43196	   a8bc	simpleVectorArithmetic.elf
'Finished building: simpleVectorArithmetic.elf.size'
' '
09:26:49 **** Auto Build of configuration Debug for project simpleVectorArithmetic ****
make pre-build main-build 
a9-linaro-pre-build-step
' '
'Building file: ../src/helloworld.c'
'Invoking: ARM v7 gcc compiler'
arm-none-eabi-gcc -Wall -O0 -g3 -c -fmessage-length=0 -MT"src/helloworld.o" -mcpu=cortex-a9 -mfpu=vfpv3 -mfloat-abi=hard -I../../simpleVectorArithmetic_bsp/ps7_cortexa9_0/include -MMD -MP -MF"src/helloworld.d" -MT"src/helloworld.o" -o "src/helloworld.o" "../src/helloworld.c"
../src/helloworld.c: In function 'main':
../src/helloworld.c:58:21: warning: missing braces around initializer [-Wmissing-braces]
     int myW[4][4] = {
                     ^
      1, 2, 3, 4,
      {         }
   5, 6, 7, 8,
   {         }
   4, 3, 2, 1,
   {         }
   8, 7, 6, 5
   {
     };
     }
../src/helloworld.c:67:6: warning: excess elements in array initializer
      5, 6, 7, 8,
      ^
../src/helloworld.c:67:6: note: (near initialization for 'myX[0]')
../src/helloworld.c:67:9: warning: excess elements in array initializer
      5, 6, 7, 8,
         ^
../src/helloworld.c:67:9: note: (near initialization for 'myX[0]')
../src/helloworld.c:67:12: warning: excess elements in array initializer
      5, 6, 7, 8,
            ^
../src/helloworld.c:67:12: note: (near initialization for 'myX[0]')
../src/helloworld.c:67:15: warning: excess elements in array initializer
      5, 6, 7, 8,
               ^
../src/helloworld.c:67:15: note: (near initialization for 'myX[0]')
../src/helloworld.c:68:6: warning: excess elements in array initializer
      4, 3, 2, 1,
      ^
../src/helloworld.c:68:6: note: (near initialization for 'myX[0]')
../src/helloworld.c:68:9: warning: excess elements in array initializer
      4, 3, 2, 1,
         ^
../src/helloworld.c:68:9: note: (near initialization for 'myX[0]')
../src/helloworld.c:68:12: warning: excess elements in array initializer
      4, 3, 2, 1,
            ^
../src/helloworld.c:68:12: note: (near initialization for 'myX[0]')
../src/helloworld.c:68:15: warning: excess elements in array initializer
      4, 3, 2, 1,
               ^
../src/helloworld.c:68:15: note: (near initialization for 'myX[0]')
../src/helloworld.c:69:6: warning: excess elements in array initializer
[...]
'Finished building target: simpleVectorArithmetic.elf'
' '
'Invoking: ARM v7 Print Size'
arm-none-eabi-size simpleVectorArithmetic.elf  |tee "simpleVectorArithmetic.elf.size"
   text	   data	    bss	    dec	    hex	filename
  19508	   1144	  22568	  43220	   a8d4	simpleVectorArithmetic.elf
'Finished building: simpleVectorArithmetic.elf.size'
' '
09:38:27 **** Auto Build of configuration Debug for project simpleVectorArithmetic ****
make pre-build main-build 
a9-linaro-pre-build-step
' '
'Building file: ../src/helloworld.c'
'Invoking: ARM v7 gcc compiler'
arm-none-eabi-gcc -Wall -O0 -g3 -c -fmessage-length=0 -MT"src/helloworld.o" -mcpu=cortex-a9 -mfpu=vfpv3 -mfloat-abi=hard -I../../simpleVectorArithmetic_bsp/ps7_cortexa9_0/include -MMD -MP -MF"src/helloworld.d" -MT"src/helloworld.o" -o "src/helloworld.o" "../src/helloworld.c"
../src/helloworld.c: In function 'main':
../src/helloworld.c:58:21: warning: missing braces around initializer [-Wmissing-braces]
     int myW[4][4] = {
                     ^
      1, 2, 3, 4,
      {         }
   5, 6, 7, 8,
   {         }
   4, 3, 2, 1,
   {         }
   8, 7, 6, 5
   {
     };
     }
../src/helloworld.c:65:21: warning: missing braces around initializer [-Wmissing-braces]
     int myX[4][4] = {
                     ^
         1, 2, 3, 4,
         {         }
      5, 6, 7, 8,
      {         }
      4, 3, 2, 1,
      {         }
      8, 7, 6, 5
      {
     };
     }
../src/helloworld.c:94:5: warning: statement with no effect [-Wunused-value]
     ctrlptr
     ^~~~~~~
../src/helloworld.c:94:12: error: expected ';' before 'for'
     ctrlptr
            ^
            ;
../src/helloworld.c:96:5:
     for (int i = 0; i < 4; i++) {
     ~~~     
../src/helloworld.c:76:10: warning: unused variable 'flagptr' [-Wunused-variable]
     int *flagptr = (int*) 0x43C00000 + 136;
          ^~~~~~~
../src/helloworld.c:72:9: warning: unused variable 'myY' [-Wunused-variable]
     int myY[4][4];
         ^~~
make: *** [src/subdir.mk:26: src/helloworld.o] Error 1
09:38:38 **** Auto Build of configuration Debug for project simpleVectorArithmetic ****
make pre-build main-build 
a9-linaro-pre-build-step
' '
'Building file: ../src/helloworld.c'
'Invoking: ARM v7 gcc compiler'
arm-none-eabi-gcc -Wall -O0 -g3 -c -fmessage-length=0 -MT"src/helloworld.o" -mcpu=cortex-a9 -mfpu=vfpv3 -mfloat-abi=hard -I../../simpleVectorArithmetic_bsp/ps7_cortexa9_0/include -MMD -MP -MF"src/helloworld.d" -MT"src/helloworld.o" -o "src/helloworld.o" "../src/helloworld.c"
../src/helloworld.c: In function 'main':
../src/helloworld.c:58:21: warning: missing braces around initializer [-Wmissing-braces]
     int myW[4][4] = {
                     ^
      1, 2, 3, 4,
      {         }
   5, 6, 7, 8,
   {         }
   4, 3, 2, 1,
   {         }
   8, 7, 6, 5
   {
     };
     }
../src/helloworld.c:65:21: warning: missing braces around initializer [-Wmissing-braces]
     int myX[4][4] = {
                     ^
         1, 2, 3, 4,
         {         }
      5, 6, 7, 8,
      {         }
      4, 3, 2, 1,
      {         }
      8, 7, 6, 5
      {
     };
     }
../src/helloworld.c:76:10: warning: unused variable 'flagptr' [-Wunused-variable]
     int *flagptr = (int*) 0x43C00000 + 136;
          ^~~~~~~
../src/helloworld.c:72:9: warning: variable 'myY' set but not used [-Wunused-but-set-variable]
     int myY[4][4];
         ^~~
'Finished building: ../src/helloworld.c'
' '
'Building target: simpleVectorArithmetic.elf'
'Invoking: ARM v7 gcc linker'
arm-none-eabi-gcc -mcpu=cortex-a9 -mfpu=vfpv3 -mfloat-abi=hard -Wl,-build-id=none -specs=Xilinx.spec -Wl,-T -Wl,../src/lscript.ld -L../../simpleVectorArithmetic_bsp/ps7_cortexa9_0/lib -o "simpleVectorArithmetic.elf"  ./src/helloworld.o ./src/platform.o   -Wl,--start-group,-lxil,-lgcc,-lc,--end-group
'Finished building target: simpleVectorArithmetic.elf'
' '
'Invoking: ARM v7 Print Size'
arm-none-eabi-size simpleVectorArithmetic.elf  |tee "simpleVectorArithmetic.elf.size"
   text	   data	    bss	    dec	    hex	filename
  19532	   1144	  22568	  43244	   a8ec	simpleVectorArithmetic.elf
'Finished building: simpleVectorArithmetic.elf.size'
' '
09:38:50 **** Incremental Build of configuration Debug for project simpleVectorArithmetic ****
make pre-build main-build 
a9-linaro-pre-build-step
' '
make: Nothing to be done for 'main-build'.
09:40:46 **** Auto Build of configuration Debug for project simpleVectorArithmetic ****
make pre-build main-build 
a9-linaro-pre-build-step
' '
'Building file: ../src/helloworld.c'
'Invoking: ARM v7 gcc compiler'
arm-none-eabi-gcc -Wall -O0 -g3 -c -fmessage-length=0 -MT"src/helloworld.o" -mcpu=cortex-a9 -mfpu=vfpv3 -mfloat-abi=hard -I../../simpleVectorArithmetic_bsp/ps7_cortexa9_0/include -MMD -MP -MF"src/helloworld.d" -MT"src/helloworld.o" -o "src/helloworld.o" "../src/helloworld.c"
../src/helloworld.c: In function 'main':
../src/helloworld.c:58:21: warning: missing braces around initializer [-Wmissing-braces]
     int myW[4][4] = {
                     ^
      1, 2, 3, 4,
      {         }
   5, 6, 7, 8,
   {         }
   4, 3, 2, 1,
   {         }
   8, 7, 6, 5
   {
     };
     }
../src/helloworld.c:65:21: warning: missing braces around initializer [-Wmissing-braces]
     int myX[4][4] = {
                     ^
         1, 2, 3, 4,
         {         }
      5, 6, 7, 8,
      {         }
      4, 3, 2, 1,
      {         }
      8, 7, 6, 5
      {
     };
     }
../src/helloworld.c:72:9: warning: variable 'myY' set but not used [-Wunused-but-set-variable]
     int myY[4][4];
         ^~~
'Finished building: ../src/helloworld.c'
' '
'Building target: simpleVectorArithmetic.elf'
'Invoking: ARM v7 gcc linker'
arm-none-eabi-gcc -mcpu=cortex-a9 -mfpu=vfpv3 -mfloat-abi=hard -Wl,-build-id=none -specs=Xilinx.spec -Wl,-T -Wl,../src/lscript.ld -L../../simpleVectorArithmetic_bsp/ps7_cortexa9_0/lib -o "simpleVectorArithmetic.elf"  ./src/helloworld.o ./src/platform.o   -Wl,--start-group,-lxil,-lgcc,-lc,--end-group
'Finished building target: simpleVectorArithmetic.elf'
' '
'Invoking: ARM v7 Print Size'
arm-none-eabi-size simpleVectorArithmetic.elf  |tee "simpleVectorArithmetic.elf.size"
   text	   data	    bss	    dec	    hex	filename
  19552	   1144	  22568	  43264	   a900	simpleVectorArithmetic.elf
'Finished building: simpleVectorArithmetic.elf.size'
' '
09:41:06 **** Auto Build of configuration Debug for project simpleVectorArithmetic ****
make pre-build main-build 
a9-linaro-pre-build-step
' '
'Building file: ../src/helloworld.c'
'Invoking: ARM v7 gcc compiler'
arm-none-eabi-gcc -Wall -O0 -g3 -c -fmessage-length=0 -MT"src/helloworld.o" -mcpu=cortex-a9 -mfpu=vfpv3 -mfloat-abi=hard -I../../simpleVectorArithmetic_bsp/ps7_cortexa9_0/include -MMD -MP -MF"src/helloworld.d" -MT"src/helloworld.o" -o "src/helloworld.o" "../src/helloworld.c"
../src/helloworld.c: In function 'main':
../src/helloworld.c:58:21: warning: missing braces around initializer [-Wmissing-braces]
     int myW[4][4] = {
                     ^
      1, 2, 3, 4,
      {         }
   5, 6, 7, 8,
   {         }
   4, 3, 2, 1,
   {         }
   8, 7, 6, 5
   {
     };
     }
../src/helloworld.c:65:21: warning: missing braces around initializer [-Wmissing-braces]
     int myX[4][4] = {
                     ^
         1, 2, 3, 4,
         {         }
      5, 6, 7, 8,
      {         }
      4, 3, 2, 1,
      {         }
      8, 7, 6, 5
      {
     };
     }
../src/helloworld.c:72:9: warning: variable 'myY' set but not used [-Wunused-but-set-variable]
     int myY[4][4];
         ^~~
'Finished building: ../src/helloworld.c'
' '
'Building target: simpleVectorArithmetic.elf'
'Invoking: ARM v7 gcc linker'
arm-none-eabi-gcc -mcpu=cortex-a9 -mfpu=vfpv3 -mfloat-abi=hard -Wl,-build-id=none -specs=Xilinx.spec -Wl,-T -Wl,../src/lscript.ld -L../../simpleVectorArithmetic_bsp/ps7_cortexa9_0/lib -o "simpleVectorArithmetic.elf"  ./src/helloworld.o ./src/platform.o   -Wl,--start-group,-lxil,-lgcc,-lc,--end-group
'Finished building target: simpleVectorArithmetic.elf'
' '
'Invoking: ARM v7 Print Size'
arm-none-eabi-size simpleVectorArithmetic.elf  |tee "simpleVectorArithmetic.elf.size"
   text	   data	    bss	    dec	    hex	filename
  19572	   1144	  22568	  43284	   a914	simpleVectorArithmetic.elf
'Finished building: simpleVectorArithmetic.elf.size'
' '
09:41:14 **** Auto Build of configuration Debug for project simpleVectorArithmetic ****
make pre-build main-build 
a9-linaro-pre-build-step
' '
'Building file: ../src/helloworld.c'
'Invoking: ARM v7 gcc compiler'
arm-none-eabi-gcc -Wall -O0 -g3 -c -fmessage-length=0 -MT"src/helloworld.o" -mcpu=cortex-a9 -mfpu=vfpv3 -mfloat-abi=hard -I../../simpleVectorArithmetic_bsp/ps7_cortexa9_0/include -MMD -MP -MF"src/helloworld.d" -MT"src/helloworld.o" -o "src/helloworld.o" "../src/helloworld.c"
../src/helloworld.c: In function 'main':
../src/helloworld.c:58:21: warning: missing braces around initializer [-Wmissing-braces]
     int myW[4][4] = {
                     ^
      1, 2, 3, 4,
      {         }
   5, 6, 7, 8,
   {         }
   4, 3, 2, 1,
   {         }
   8, 7, 6, 5
   {
     };
     }
../src/helloworld.c:65:21: warning: missing braces around initializer [-Wmissing-braces]
     int myX[4][4] = {
                     ^
         1, 2, 3, 4,
         {         }
      5, 6, 7, 8,
      {         }
      4, 3, 2, 1,
      {         }
      8, 7, 6, 5
      {
     };
     }
../src/helloworld.c:72:9: warning: variable 'myY' set but not used [-Wunused-but-set-variable]
     int myY[4][4];
         ^~~
'Finished building: ../src/helloworld.c'
' '
'Building target: simpleVectorArithmetic.elf'
'Invoking: ARM v7 gcc linker'
arm-none-eabi-gcc -mcpu=cortex-a9 -mfpu=vfpv3 -mfloat-abi=hard -Wl,-build-id=none -specs=Xilinx.spec -Wl,-T -Wl,../src/lscript.ld -L../../simpleVectorArithmetic_bsp/ps7_cortexa9_0/lib -o "simpleVectorArithmetic.elf"  ./src/helloworld.o ./src/platform.o   -Wl,--start-group,-lxil,-lgcc,-lc,--end-group
'Finished building target: simpleVectorArithmetic.elf'
' '
'Invoking: ARM v7 Print Size'
arm-none-eabi-size simpleVectorArithmetic.elf  |tee "simpleVectorArithmetic.elf.size"
   text	   data	    bss	    dec	    hex	filename
  19572	   1144	  22568	  43284	   a914	simpleVectorArithmetic.elf
'Finished building: simpleVectorArithmetic.elf.size'
' '
09:41:18 **** Incremental Build of configuration Debug for project simpleVectorArithmetic ****
make pre-build main-build 
a9-linaro-pre-build-step
' '
make: Nothing to be done for 'main-build'.
09:41:26 **** Incremental Build of configuration Debug for project simpleVectorArithmetic ****
make pre-build main-build 
a9-linaro-pre-build-step
' '
make: Nothing to be done for 'main-build'.
09:42:37 **** Auto Build of configuration Debug for project simpleVectorArithmetic ****
make pre-build main-build 
a9-linaro-pre-build-step
' '
'Building file: ../src/helloworld.c'
'Invoking: ARM v7 gcc compiler'
arm-none-eabi-gcc -Wall -O0 -g3 -c -fmessage-length=0 -MT"src/helloworld.o" -mcpu=cortex-a9 -mfpu=vfpv3 -mfloat-abi=hard -I../../simpleVectorArithmetic_bsp/ps7_cortexa9_0/include -MMD -MP -MF"src/helloworld.d" -MT"src/helloworld.o" -o "src/helloworld.o" "../src/helloworld.c"
../src/helloworld.c: In function 'main':
../src/helloworld.c:58:21: warning: missing braces around initializer [-Wmissing-braces]
     int myW[4][4] = {
                     ^
      1, 2, 3, 4,
      {         }
   5, 6, 7, 8,
   {         }
   4, 3, 2, 1,
   {         }
   8, 7, 6, 5
   {
     };
     }
../src/helloworld.c:65:21: warning: missing braces around initializer [-Wmissing-braces]
     int myX[4][4] = {
                     ^
         1, 2, 3, 4,
         {         }
      5, 6, 7, 8,
      {         }
      4, 3, 2, 1,
      {         }
      8, 7, 6, 5
      {
     };
     }
../src/helloworld.c:72:9: warning: variable 'myY' set but not used [-Wunused-but-set-variable]
     int myY[4][4];
         ^~~
'Finished building: ../src/helloworld.c'
' '
'Building target: simpleVectorArithmetic.elf'
'Invoking: ARM v7 gcc linker'
arm-none-eabi-gcc -mcpu=cortex-a9 -mfpu=vfpv3 -mfloat-abi=hard -Wl,-build-id=none -specs=Xilinx.spec -Wl,-T -Wl,../src/lscript.ld -L../../simpleVectorArithmetic_bsp/ps7_cortexa9_0/lib -o "simpleVectorArithmetic.elf"  ./src/helloworld.o ./src/platform.o   -Wl,--start-group,-lxil,-lgcc,-lc,--end-group
'Finished building target: simpleVectorArithmetic.elf'
' '
'Invoking: ARM v7 Print Size'
arm-none-eabi-size simpleVectorArithmetic.elf  |tee "simpleVectorArithmetic.elf.size"
   text	   data	    bss	    dec	    hex	filename
  57204	   2584	  23328	  83116	  144ac	simpleVectorArithmetic.elf
'Finished building: simpleVectorArithmetic.elf.size'
' '
09:42:44 **** Auto Build of configuration Debug for project simpleVectorArithmetic ****
make pre-build main-build 
a9-linaro-pre-build-step
' '
'Building file: ../src/helloworld.c'
'Invoking: ARM v7 gcc compiler'
arm-none-eabi-gcc -Wall -O0 -g3 -c -fmessage-length=0 -MT"src/helloworld.o" -mcpu=cortex-a9 -mfpu=vfpv3 -mfloat-abi=hard -I../../simpleVectorArithmetic_bsp/ps7_cortexa9_0/include -MMD -MP -MF"src/helloworld.d" -MT"src/helloworld.o" -o "src/helloworld.o" "../src/helloworld.c"
../src/helloworld.c: In function 'main':
../src/helloworld.c:58:21: warning: missing braces around initializer [-Wmissing-braces]
     int myW[4][4] = {
                     ^
      1, 2, 3, 4,
      {         }
   5, 6, 7, 8,
   {         }
   4, 3, 2, 1,
   {         }
   8, 7, 6, 5
   {
     };
     }
../src/helloworld.c:65:21: warning: missing braces around initializer [-Wmissing-braces]
     int myX[4][4] = {
                     ^
         1, 2, 3, 4,
         {         }
      5, 6, 7, 8,
      {         }
      4, 3, 2, 1,
      {         }
      8, 7, 6, 5
      {
     };
     }
../src/helloworld.c:72:9: warning: variable 'myY' set but not used [-Wunused-but-set-variable]
     int myY[4][4];
         ^~~
'Finished building: ../src/helloworld.c'
' '
'Building target: simpleVectorArithmetic.elf'
'Invoking: ARM v7 gcc linker'
arm-none-eabi-gcc -mcpu=cortex-a9 -mfpu=vfpv3 -mfloat-abi=hard -Wl,-build-id=none -specs=Xilinx.spec -Wl,-T -Wl,../src/lscript.ld -L../../simpleVectorArithmetic_bsp/ps7_cortexa9_0/lib -o "simpleVectorArithmetic.elf"  ./src/helloworld.o ./src/platform.o   -Wl,--start-group,-lxil,-lgcc,-lc,--end-group
'Finished building target: simpleVectorArithmetic.elf'
' '
'Invoking: ARM v7 Print Size'
arm-none-eabi-size simpleVectorArithmetic.elf  |tee "simpleVectorArithmetic.elf.size"
   text	   data	    bss	    dec	    hex	filename
  57204	   2584	  23328	  83116	  144ac	simpleVectorArithmetic.elf
'Finished building: simpleVectorArithmetic.elf.size'
' '
09:42:53 **** Incremental Build of configuration Debug for project simpleVectorArithmetic ****
make pre-build main-build 
a9-linaro-pre-build-step
' '
make: Nothing to be done for 'main-build'.
09:43:01 **** Incremental Build of configuration Debug for project simpleVectorArithmetic ****
make pre-build main-build 
a9-linaro-pre-build-step
' '
make: Nothing to be done for 'main-build'.
09:44:21 **** Auto Build of configuration Debug for project simpleVectorArithmetic ****
make pre-build main-build 
a9-linaro-pre-build-step
' '
'Building file: ../src/helloworld.c'
'Invoking: ARM v7 gcc compiler'
arm-none-eabi-gcc -Wall -O0 -g3 -c -fmessage-length=0 -MT"src/helloworld.o" -mcpu=cortex-a9 -mfpu=vfpv3 -mfloat-abi=hard -I../../simpleVectorArithmetic_bsp/ps7_cortexa9_0/include -MMD -MP -MF"src/helloworld.d" -MT"src/helloworld.o" -o "src/helloworld.o" "../src/helloworld.c"
../src/helloworld.c: In function 'main':
../src/helloworld.c:58:21: warning: missing braces around initializer [-Wmissing-braces]
     int myW[4][4] = {
                     ^
      1, 2, 3, 4,
      {         }
   5, 6, 7, 8,
   {         }
   4, 3, 2, 1,
   {         }
   8, 7, 6, 5
   {
     };
     }
../src/helloworld.c:65:21: warning: missing braces around initializer [-Wmissing-braces]
     int myX[4][4] = {
                     ^
         1, 2, 3, 4,
         {         }
      5, 6, 7, 8,
      {         }
      4, 3, 2, 1,
      {         }
      8, 7, 6, 5
      {
     };
     }
../src/helloworld.c:96:9: warning: unused variable 'tmp' [-Wunused-variable]
     int tmp = *flagptr;
         ^~~
../src/helloworld.c:72:9: warning: variable 'myY' set but not used [-Wunused-but-set-variable]
     int myY[4][4];
         ^~~
'Finished building: ../src/helloworld.c'
' '
'Building target: simpleVectorArithmetic.elf'
'Invoking: ARM v7 gcc linker'
arm-none-eabi-gcc -mcpu=cortex-a9 -mfpu=vfpv3 -mfloat-abi=hard -Wl,-build-id=none -specs=Xilinx.spec -Wl,-T -Wl,../src/lscript.ld -L../../simpleVectorArithmetic_bsp/ps7_cortexa9_0/lib -o "simpleVectorArithmetic.elf"  ./src/helloworld.o ./src/platform.o   -Wl,--start-group,-lxil,-lgcc,-lc,--end-group
'Finished building target: simpleVectorArithmetic.elf'
' '
'Invoking: ARM v7 Print Size'
arm-none-eabi-size simpleVectorArithmetic.elf  |tee "simpleVectorArithmetic.elf.size"
   text	   data	    bss	    dec	    hex	filename
  57260	   2584	  23328	  83172	  144e4	simpleVectorArithmetic.elf
'Finished building: simpleVectorArithmetic.elf.size'
' '
09:44:31 **** Incremental Build of configuration Debug for project simpleVectorArithmetic ****
make pre-build main-build 
a9-linaro-pre-build-step
' '
make: Nothing to be done for 'main-build'.
09:45:05 **** Auto Build of configuration Debug for project simpleVectorArithmetic ****
make pre-build main-build 
a9-linaro-pre-build-step
' '
'Building file: ../src/helloworld.c'
'Invoking: ARM v7 gcc compiler'
arm-none-eabi-gcc -Wall -O0 -g3 -c -fmessage-length=0 -MT"src/helloworld.o" -mcpu=cortex-a9 -mfpu=vfpv3 -mfloat-abi=hard -I../../simpleVectorArithmetic_bsp/ps7_cortexa9_0/include -MMD -MP -MF"src/helloworld.d" -MT"src/helloworld.o" -o "src/helloworld.o" "../src/helloworld.c"
../src/helloworld.c: In function 'main':
../src/helloworld.c:58:21: warning: missing braces around initializer [-Wmissing-braces]
     int myW[4][4] = {
                     ^
      1, 2, 3, 4,
      {         }
   5, 6, 7, 8,
   {         }
   4, 3, 2, 1,
   {         }
   8, 7, 6, 5
   {
     };
     }
../src/helloworld.c:65:21: warning: missing braces around initializer [-Wmissing-braces]
     int myX[4][4] = {
                     ^
         1, 2, 3, 4,
         {         }
      5, 6, 7, 8,
      {         }
      4, 3, 2, 1,
      {         }
      8, 7, 6, 5
      {
     };
     }
../src/helloworld.c:97:9: warning: unused variable 'tmp2' [-Wunused-variable]
     int tmp2 = *ctrlptr;
         ^~~~
../src/helloworld.c:96:9: warning: unused variable 'tmp1' [-Wunused-variable]
     int tmp1 = *flagptr;
         ^~~~
../src/helloworld.c:72:9: warning: variable 'myY' set but not used [-Wunused-but-set-variable]
     int myY[4][4];
         ^~~
'Finished building: ../src/helloworld.c'
' '
'Building target: simpleVectorArithmetic.elf'
'Invoking: ARM v7 gcc linker'
arm-none-eabi-gcc -mcpu=cortex-a9 -mfpu=vfpv3 -mfloat-abi=hard -Wl,-build-id=none -specs=Xilinx.spec -Wl,-T -Wl,../src/lscript.ld -L../../simpleVectorArithmetic_bsp/ps7_cortexa9_0/lib -o "simpleVectorArithmetic.elf"  ./src/helloworld.o ./src/platform.o   -Wl,--start-group,-lxil,-lgcc,-lc,--end-group
'Finished building target: simpleVectorArithmetic.elf'
' '
'Invoking: ARM v7 Print Size'
arm-none-eabi-size simpleVectorArithmetic.elf  |tee "simpleVectorArithmetic.elf.size"
   text	   data	    bss	    dec	    hex	filename
  57260	   2584	  23328	  83172	  144e4	simpleVectorArithmetic.elf
'Finished building: simpleVectorArithmetic.elf.size'
' '
09:45:13 **** Incremental Build of configuration Debug for project simpleVectorArithmetic ****
make pre-build main-build 
a9-linaro-pre-build-step
' '
make: Nothing to be done for 'main-build'.
